// Jest Snapshot v1, https://goo.gl/fbAQLP

exports[`betterer.runner should ignore any files outside of the scope of the tsquery tsconfig 1`] = `"// BETTERER RESULTS V2."`;

exports[`betterer.runner should ignore any files outside of the scope of the typescript test glob 1`] = `"// BETTERER RESULTS V2."`;

exports[`betterer.runner should run tsquery against a file 1`] = `
"// BETTERER RESULTS V2.
exports[\`tsquery no raw console.log\`] = {
  value: \`{
    \\"src/index.ts:4087252068\\": [
      [0, 0, 11, \\"TSQuery match\\", \\"3870399096\\"]
    ]
  }\`
};
"
`;

exports[`betterer.runner should run typescript against a file 1`] = `
"// BETTERER RESULTS V2.
exports[\`use typescript\`] = {
  value: \`{
    \\"src/index.ts:1499252024\\": [
      [2, 12, 1, \\"The left-hand side of an arithmetic operation must be of type \\\\'any\\\\', \\\\'number\\\\', \\\\'bigint\\\\' or an enum type.\\", \\"177604\\"]
    ]
  }\`
};
"
`;
