// Vitest Snapshot v1, https://vitest.dev/guide/snapshot.html

exports[`betterer ci > should add a diff to the suiteSummary if there is any change to the results file 1`] = `
[
  "🌟 Betterer (-1ms):
",
  "🌟 Betterer (12ms): 1 test running...
🤔 test: running \\"test\\"!
",
  "🌟 Betterer (114ms): 1 test running...
🤔 test: running \\"test\\"!
",
  "🌟 Betterer (220ms): 1 test running...
🤔 test: running \\"test\\"!
",
  "🌟 Betterer (319ms): 1 test running...
🤔 test: running \\"test\\"!
",
  "🌟 Betterer (421ms): 1 test running...
🤔 test: running \\"test\\"!
",
  "🌟 Betterer (521ms): 1 test running...
🤔 test: running \\"test\\"!
",
  "🌟 Betterer (623ms): 1 test running...
🤔 test: running \\"test\\"!
",
  "🌟 Betterer (724ms): 1 test running...
🤔 test: running \\"test\\"!
",
  "🌟 Betterer (824ms): 1 test running...
🤔 test: running \\"test\\"!
",
  "🌟 Betterer (925ms): 1 test running...
🤔 test: running \\"test\\"!
",
  "🌟 Betterer (1,027ms): 1 test running...
🤔 test: running \\"test\\"!
",
  "🌟 Betterer (1,130ms): 1 test running...
🤔 test: running \\"test\\"!
",
  "🌟 Betterer (1,232ms): 1 test running...
🤔 test: running \\"test\\"!
",
  "🌟 Betterer (1,334ms): 1 test running...
🤔 test: running \\"test\\"!
",
  "🌟 Betterer (1,435ms): 1 test running...
🤔 test: running \\"test\\"!
",
  "🌟 Betterer (1,541ms): 1 test running...
🤔 test: running \\"test\\"!
",
  "🌟 Betterer (1,642ms): 1 test running...
🤔 test: running \\"test\\"!
",
  "🌟 Betterer (1,744ms): 1 test running...
🤔 test: running \\"test\\"!
",
  "🌟 Betterer (1,847ms): 1 test running...
🤔 test: running \\"test\\"!
",
  "🌟 Betterer (1,949ms): 1 test running...
🤔 test: running \\"test\\"!
",
  "🌟 Betterer (2,056ms): 1 test running...
🤔 test: running \\"test\\"!
",
  "🌟 Betterer (2,157ms): 1 test running...
🤔 test: running \\"test\\"!
",
  "🌟 Betterer (2,258ms): 1 test running...
🤔 test: running \\"test\\"!
",
  "🌟 Betterer (2,360ms): 1 test running...
🤔 test: running \\"test\\"!
",
  "🌟 Betterer (2,461ms): 1 test running...
🤔 test: running \\"test\\"!
",
  "🌟 Betterer (2,563ms): 1 test running...
🤔 test: running \\"test\\"!
",
  "🌟 Betterer (2,670ms): 1 test running...
🤔 test: running \\"test\\"!
",
  "🌟 Betterer (2,771ms): 1 test running...
🤔 test: running \\"test\\"!
",
  "🌟 Betterer (2,872ms): 1 test running...
🤔 test: running \\"test\\"!
",
  "🌟 Betterer (2,973ms): 1 test running...
🤔 test: running \\"test\\"!
",
  "🌟 Betterer (3,074ms): 1 test running...
🤔 test: running \\"test\\"!
",
  "🌟 Betterer (3,175ms): 1 test running...
🤔 test: running \\"test\\"!
",
  "🌟 Betterer (3,277ms): 1 test running...
🤔 test: running \\"test\\"!
",
  "🌟 Betterer (3,380ms): 1 test running...
🤔 test: running \\"test\\"!
",
  "🌟 Betterer (3,481ms): 1 test running...
🤔 test: running \\"test\\"!
",
  "🌟 Betterer (3,582ms): 1 test running...
🤔 test: running \\"test\\"!
",
  "🌟 Betterer (3,688ms): 1 test running...
🤔 test: running \\"test\\"!
",
  "🌟 Betterer (3,789ms): 1 test running...
🤔 test: running \\"test\\"!
",
  "🌟 Betterer (3,891ms): 1 test running...
🤔 test: running \\"test\\"!
",
  "🌟 Betterer (3,991ms): 1 test running...
🤔 test: running \\"test\\"!
",
  "🌟 Betterer (4,091ms): 1 test running...
🤔 test: running \\"test\\"!
",
  "🌟 Betterer (4,194ms): 1 test running...
🤔 test: running \\"test\\"!
",
  "🌟 Betterer (4,295ms): 1 test running...
🤔 test: running \\"test\\"!
",
  "🌟 Betterer (4,396ms): 1 test running...
🤔 test: running \\"test\\"!
",
  "🌟 Betterer (4,497ms): 1 test running...
🤔 test: running \\"test\\"!
",
  "🌟 Betterer (4,601ms): 1 test running...
🤔 test: running \\"test\\"!
",
  "🌟 Betterer (4,702ms): 1 test running...
🤔 test: running \\"test\\"!
",
  "🌟 Betterer (4,803ms): 1 test running...
🤔 test: running \\"test\\"!
",
  "🌟 Betterer (4,903ms): 1 test running...
🤔 test: running \\"test\\"!
",
  "🌟 Betterer (5,007ms): 1 test running...
🤔 test: running \\"test\\"!
",
  "🌟 Betterer (5,107ms): 1 test running...
🤔 test: running \\"test\\"!
",
  "🌟 Betterer (5,209ms): 1 test running...
🤔 test: running \\"test\\"!
",
  "🌟 Betterer (5,310ms): 1 test running...
🤔 test: running \\"test\\"!
",
  "🌟 Betterer (5,411ms): 1 test running...
🤔 test: running \\"test\\"!
",
  "🌟 Betterer (5,513ms): 1 test running...
🤔 test: running \\"test\\"!
",
  "🌟 Betterer (5,614ms): 1 test running...
🤔 test: running \\"test\\"!
",
  "🌟 Betterer (5,715ms): 1 test running...
🤔 test: running \\"test\\"!
",
  "🌟 Betterer (5,816ms): 1 test running...
🤔 test: running \\"test\\"!
",
  "🌟 Betterer (5,916ms): 1 test running...
🤔 test: running \\"test\\"!
",
  "🌟 Betterer (6,017ms): 1 test running...
🤔 test: running \\"test\\"!
",
  "🌟 Betterer (6,118ms): 1 test running...
🤔 test: running \\"test\\"!
",
  "🌟 Betterer (6,219ms): 1 test running...
🤔 test: running \\"test\\"!
",
  "🌟 Betterer (6,320ms): 1 test running...
🤔 test: running \\"test\\"!
",
  "🌟 Betterer (6,421ms): 1 test running...
🤔 test: running \\"test\\"!
",
  "🌟 Betterer (6,521ms): 1 test running...
🤔 test: running \\"test\\"!
",
  "🌟 Betterer (6,622ms): 1 test running...
🤔 test: running \\"test\\"!
",
  "🌟 Betterer (6,723ms): 1 test running...
🤔 test: running \\"test\\"!
",
  "🌟 Betterer (6,823ms): 1 test running...
🤔 test: running \\"test\\"!
",
  "🌟 Betterer (6,924ms): 1 test running...
🤔 test: running \\"test\\"!
",
  "🌟 Betterer (7,025ms): 1 test running...
🤔 test: running \\"test\\"!
",
  "🌟 Betterer (7,126ms): 1 test running...
🤔 test: running \\"test\\"!
",
  "🌟 Betterer (7,126ms): 1 test running...
✅ test: \\"test\\" got checked for the first time! (1 issue) 🎉
",
  "🎉 Betterer (7,166ms): 1 test done!
✅ test: \\"test\\" got checked for the first time! (1 issue) 🎉
",
  "🎉 Betterer (7,166ms): 1 test done!
✅ test: \\"test\\" got checked for the first time! (1 issue) 🎉

1 test got checked. 🤔
1 test got checked for the first time! 🎉
",
  "🌟 Betterer:
",
  "🌟 Betterer: 1 test running...
🤔 test: running \\"test\\"!
",
  "🌟 Betterer: 1 test running...
✅ test: \\"test\\" stayed the same. (1 issue) 😐
",
  "🎉 Betterer: 1 test done!
✅ test: \\"test\\" stayed the same. (1 issue) 😐
",
  "🎉 Betterer: 1 test done!
✅ test: \\"test\\" stayed the same. (1 issue) 😐

1 test got checked. 🤔
1 test stayed the same. 😐

Unexpected changes detected in these tests while running in CI mode:

 \\"test\\"

You should make sure the results file is up-to-date before committing! You might want to run \`betterer precommit\` in a commit hook. 💍
",
]
`;
