// Vitest Snapshot v1, https://vitest.dev/guide/snapshot.html

exports[`betterer ci > should work with \`start\` and the CI env variable 1`] = `
[
  "🌟 Betterer (-2ms):
",
  "🌟 Betterer (28ms): 1 test running...
🤔 test: running \\"test\\"!
",
  "🌟 Betterer (129ms): 1 test running...
🤔 test: running \\"test\\"!
",
  "🌟 Betterer (234ms): 1 test running...
🤔 test: running \\"test\\"!
",
  "🌟 Betterer (338ms): 1 test running...
🤔 test: running \\"test\\"!
",
  "🌟 Betterer (439ms): 1 test running...
🤔 test: running \\"test\\"!
",
  "🌟 Betterer (540ms): 1 test running...
🤔 test: running \\"test\\"!
",
  "🌟 Betterer (642ms): 1 test running...
🤔 test: running \\"test\\"!
",
  "🌟 Betterer (748ms): 1 test running...
🤔 test: running \\"test\\"!
",
  "🌟 Betterer (852ms): 1 test running...
🤔 test: running \\"test\\"!
",
  "🌟 Betterer (955ms): 1 test running...
🤔 test: running \\"test\\"!
",
  "🌟 Betterer (1,056ms): 1 test running...
🤔 test: running \\"test\\"!
",
  "🌟 Betterer (1,157ms): 1 test running...
🤔 test: running \\"test\\"!
",
  "🌟 Betterer (1,260ms): 1 test running...
🤔 test: running \\"test\\"!
",
  "🌟 Betterer (1,361ms): 1 test running...
🤔 test: running \\"test\\"!
",
  "🌟 Betterer (1,464ms): 1 test running...
🤔 test: running \\"test\\"!
",
  "🌟 Betterer (1,565ms): 1 test running...
🤔 test: running \\"test\\"!
",
  "🌟 Betterer (1,667ms): 1 test running...
🤔 test: running \\"test\\"!
",
  "🌟 Betterer (1,772ms): 1 test running...
🤔 test: running \\"test\\"!
",
  "🌟 Betterer (1,873ms): 1 test running...
🤔 test: running \\"test\\"!
",
  "🌟 Betterer (1,974ms): 1 test running...
🤔 test: running \\"test\\"!
",
  "🌟 Betterer (2,078ms): 1 test running...
🤔 test: running \\"test\\"!
",
  "🌟 Betterer (2,180ms): 1 test running...
🤔 test: running \\"test\\"!
",
  "🌟 Betterer (2,286ms): 1 test running...
🤔 test: running \\"test\\"!
",
  "🌟 Betterer (2,388ms): 1 test running...
🤔 test: running \\"test\\"!
",
  "🌟 Betterer (2,491ms): 1 test running...
🤔 test: running \\"test\\"!
",
  "🌟 Betterer (2,591ms): 1 test running...
🤔 test: running \\"test\\"!
",
  "🌟 Betterer (2,693ms): 1 test running...
🤔 test: running \\"test\\"!
",
  "🌟 Betterer (2,794ms): 1 test running...
🤔 test: running \\"test\\"!
",
  "🌟 Betterer (2,895ms): 1 test running...
🤔 test: running \\"test\\"!
",
  "🌟 Betterer (2,995ms): 1 test running...
🤔 test: running \\"test\\"!
",
  "🌟 Betterer (3,096ms): 1 test running...
🤔 test: running \\"test\\"!
",
  "🌟 Betterer (3,197ms): 1 test running...
🤔 test: running \\"test\\"!
",
  "🌟 Betterer (3,299ms): 1 test running...
🤔 test: running \\"test\\"!
",
  "🌟 Betterer (3,401ms): 1 test running...
🤔 test: running \\"test\\"!
",
  "🌟 Betterer (3,502ms): 1 test running...
🤔 test: running \\"test\\"!
",
  "🌟 Betterer (3,608ms): 1 test running...
🤔 test: running \\"test\\"!
",
  "🌟 Betterer (3,709ms): 1 test running...
🤔 test: running \\"test\\"!
",
  "🌟 Betterer (3,811ms): 1 test running...
🤔 test: running \\"test\\"!
",
  "🌟 Betterer (3,912ms): 1 test running...
🤔 test: running \\"test\\"!
",
  "🌟 Betterer (4,014ms): 1 test running...
🤔 test: running \\"test\\"!
",
  "🌟 Betterer (4,116ms): 1 test running...
🤔 test: running \\"test\\"!
",
  "🌟 Betterer (4,218ms): 1 test running...
🤔 test: running \\"test\\"!
",
  "🌟 Betterer (4,321ms): 1 test running...
🤔 test: running \\"test\\"!
",
  "🌟 Betterer (4,421ms): 1 test running...
🤔 test: running \\"test\\"!
",
  "🌟 Betterer (4,521ms): 1 test running...
🤔 test: running \\"test\\"!
",
  "🌟 Betterer (4,623ms): 1 test running...
🤔 test: running \\"test\\"!
",
  "🌟 Betterer (4,723ms): 1 test running...
🤔 test: running \\"test\\"!
",
  "🌟 Betterer (4,824ms): 1 test running...
🤔 test: running \\"test\\"!
",
  "🌟 Betterer (4,925ms): 1 test running...
🤔 test: running \\"test\\"!
",
  "🌟 Betterer (5,026ms): 1 test running...
🤔 test: running \\"test\\"!
",
  "🌟 Betterer (5,127ms): 1 test running...
🤔 test: running \\"test\\"!
",
  "🌟 Betterer (5,229ms): 1 test running...
🤔 test: running \\"test\\"!
",
  "🌟 Betterer (5,333ms): 1 test running...
🤔 test: running \\"test\\"!
",
  "🌟 Betterer (5,435ms): 1 test running...
🤔 test: running \\"test\\"!
",
  "🌟 Betterer (5,540ms): 1 test running...
🤔 test: running \\"test\\"!
",
  "🌟 Betterer (5,640ms): 1 test running...
🤔 test: running \\"test\\"!
",
  "🌟 Betterer (5,742ms): 1 test running...
🤔 test: running \\"test\\"!
",
  "🌟 Betterer (5,844ms): 1 test running...
🤔 test: running \\"test\\"!
",
  "🌟 Betterer (5,944ms): 1 test running...
🤔 test: running \\"test\\"!
",
  "🌟 Betterer (6,043ms): 1 test running...
🤔 test: running \\"test\\"!
",
  "🌟 Betterer (6,145ms): 1 test running...
🤔 test: running \\"test\\"!
",
  "🌟 Betterer (6,247ms): 1 test running...
🤔 test: running \\"test\\"!
",
  "🌟 Betterer (6,347ms): 1 test running...
🤔 test: running \\"test\\"!
",
  "🌟 Betterer (6,448ms): 1 test running...
🤔 test: running \\"test\\"!
",
  "🌟 Betterer (6,549ms): 1 test running...
🤔 test: running \\"test\\"!
",
  "🌟 Betterer (6,649ms): 1 test running...
🤔 test: running \\"test\\"!
",
  "🌟 Betterer (6,750ms): 1 test running...
🤔 test: running \\"test\\"!
",
  "🌟 Betterer (6,853ms): 1 test running...
🤔 test: running \\"test\\"!
",
  "🌟 Betterer (6,954ms): 1 test running...
🤔 test: running \\"test\\"!
",
  "🌟 Betterer (7,055ms): 1 test running...
🤔 test: running \\"test\\"!
",
  "🌟 Betterer (7,156ms): 1 test running...
🤔 test: running \\"test\\"!
",
  "🌟 Betterer (7,257ms): 1 test running...
🤔 test: running \\"test\\"!
",
  "🌟 Betterer (7,361ms): 1 test running...
🤔 test: running \\"test\\"!
",
  "🌟 Betterer (7,462ms): 1 test running...
🤔 test: running \\"test\\"!
",
  "🌟 Betterer (7,563ms): 1 test running...
🤔 test: running \\"test\\"!
",
  "🌟 Betterer (7,665ms): 1 test running...
🤔 test: running \\"test\\"!
",
  "🌟 Betterer (7,765ms): 1 test running...
🤔 test: running \\"test\\"!
",
  "🌟 Betterer (7,867ms): 1 test running...
🤔 test: running \\"test\\"!
",
  "🌟 Betterer (7,968ms): 1 test running...
🤔 test: running \\"test\\"!
",
  "🌟 Betterer (7,968ms): 1 test running...
✅ test: \\"test\\" got checked for the first time! (1 issue) 🎉
",
  "🎉 Betterer (8,040ms): 1 test done!
✅ test: \\"test\\" got checked for the first time! (1 issue) 🎉
",
  "🎉 Betterer (8,040ms): 1 test done!
✅ test: \\"test\\" got checked for the first time! (1 issue) 🎉

1 test got checked. 🤔
1 test got checked for the first time! 🎉
",
  "🌟 Betterer:
",
  "🌟 Betterer: 1 test running...
🤔 test: running \\"test\\"!
",
  "🌟 Betterer: 1 test running...
✅ test: \\"test\\" stayed the same. (1 issue) 😐
",
  "🎉 Betterer: 1 test done!
✅ test: \\"test\\" stayed the same. (1 issue) 😐
",
  "🎉 Betterer: 1 test done!
✅ test: \\"test\\" stayed the same. (1 issue) 😐

1 test got checked. 🤔
1 test stayed the same. 😐

Unexpected changes detected in these tests while running in CI mode:

 \\"test\\"

You should make sure the results file is up-to-date before committing! You might want to run \`betterer precommit\` in a commit hook. 💍
",
]
`;
