// Vitest Snapshot v1, https://vitest.dev/guide/snapshot.html

exports[`betterer cli > should show the logo 1`] = `
[
  "
Error: could not import config from \\"<project>/fixtures/logo-show/.betterer.js\\". 😔
",
  "
   / | /     _         _   _
 '-.ooo.-'  | |__  ___| |_| |_ ___ _ __ ___ _ __
---ooooo--- | '_ // _ / __| __/ _ / '__/ _ / '__|
 .-'ooo'-.  | |_)|  __/ |_| ||  __/ | |  __/ |
   / | /    |_.__//___|/__|/__/___|_|  /___|_|
",
  "
   / | /     _         _   _
 '-.ooo.-'  | |__  ___| |_| |_ ___ _ __ ___ _ __
---ooooo--- | '_ // _ / __| __/ _ / '__/ _ / '__|
 .-'ooo'-.  | |_)|  __/ |_| ||  __/ | |  __/ |
   / | /    |_.__//___|/__|/__/___|_|  /___|_|


Error: could not import config from \\"<project>/fixtures/logo-show/.betterer.js\\". 😔
",
]
`;
