// Vitest Snapshot v1, https://vitest.dev/guide/snapshot.html

exports[`betterer precommit > should not update the changeset when a test gets worse 1`] = `
[
  "🌟 Betterer (-1ms):
",
  "🌟 Betterer (10ms): 1 test running...
🤔 test: running \\"test\\"!
",
  "🌟 Betterer (112ms): 1 test running...
🤔 test: running \\"test\\"!
",
  "🌟 Betterer (214ms): 1 test running...
🤔 test: running \\"test\\"!
",
  "🌟 Betterer (315ms): 1 test running...
🤔 test: running \\"test\\"!
",
  "🌟 Betterer (417ms): 1 test running...
🤔 test: running \\"test\\"!
",
  "🌟 Betterer (519ms): 1 test running...
🤔 test: running \\"test\\"!
",
  "🌟 Betterer (620ms): 1 test running...
🤔 test: running \\"test\\"!
",
  "🌟 Betterer (721ms): 1 test running...
🤔 test: running \\"test\\"!
",
  "🌟 Betterer (821ms): 1 test running...
🤔 test: running \\"test\\"!
",
  "🌟 Betterer (922ms): 1 test running...
🤔 test: running \\"test\\"!
",
  "🌟 Betterer (1,023ms): 1 test running...
🤔 test: running \\"test\\"!
",
  "🌟 Betterer (1,124ms): 1 test running...
🤔 test: running \\"test\\"!
",
  "🌟 Betterer (1,227ms): 1 test running...
🤔 test: running \\"test\\"!
",
  "🌟 Betterer (1,328ms): 1 test running...
🤔 test: running \\"test\\"!
",
  "🌟 Betterer (1,430ms): 1 test running...
🤔 test: running \\"test\\"!
",
  "🌟 Betterer (1,532ms): 1 test running...
🤔 test: running \\"test\\"!
",
  "🌟 Betterer (1,633ms): 1 test running...
🤔 test: running \\"test\\"!
",
  "🌟 Betterer (1,735ms): 1 test running...
🤔 test: running \\"test\\"!
",
  "🌟 Betterer (1,836ms): 1 test running...
🤔 test: running \\"test\\"!
",
  "🌟 Betterer (1,938ms): 1 test running...
🤔 test: running \\"test\\"!
",
  "🌟 Betterer (2,039ms): 1 test running...
🤔 test: running \\"test\\"!
",
  "🌟 Betterer (2,141ms): 1 test running...
🤔 test: running \\"test\\"!
",
  "🌟 Betterer (2,242ms): 1 test running...
🤔 test: running \\"test\\"!
",
  "🌟 Betterer (2,343ms): 1 test running...
🤔 test: running \\"test\\"!
",
  "🌟 Betterer (2,444ms): 1 test running...
🤔 test: running \\"test\\"!
",
  "🌟 Betterer (2,545ms): 1 test running...
🤔 test: running \\"test\\"!
",
  "🌟 Betterer (2,647ms): 1 test running...
🤔 test: running \\"test\\"!
",
  "🌟 Betterer (2,748ms): 1 test running...
🤔 test: running \\"test\\"!
",
  "🌟 Betterer (2,850ms): 1 test running...
🤔 test: running \\"test\\"!
",
  "🌟 Betterer (2,950ms): 1 test running...
🤔 test: running \\"test\\"!
",
  "🌟 Betterer (3,055ms): 1 test running...
🤔 test: running \\"test\\"!
",
  "🌟 Betterer (3,156ms): 1 test running...
🤔 test: running \\"test\\"!
",
  "🌟 Betterer (3,258ms): 1 test running...
🤔 test: running \\"test\\"!
",
  "🌟 Betterer (3,359ms): 1 test running...
🤔 test: running \\"test\\"!
",
  "🌟 Betterer (3,460ms): 1 test running...
🤔 test: running \\"test\\"!
",
  "🌟 Betterer (3,561ms): 1 test running...
🤔 test: running \\"test\\"!
",
  "🌟 Betterer (3,662ms): 1 test running...
🤔 test: running \\"test\\"!
",
  "🌟 Betterer (3,763ms): 1 test running...
🤔 test: running \\"test\\"!
",
  "🌟 Betterer (3,864ms): 1 test running...
🤔 test: running \\"test\\"!
",
  "🌟 Betterer (3,966ms): 1 test running...
🤔 test: running \\"test\\"!
",
  "🌟 Betterer (4,067ms): 1 test running...
🤔 test: running \\"test\\"!
",
  "🌟 Betterer (4,168ms): 1 test running...
🤔 test: running \\"test\\"!
",
  "🌟 Betterer (4,271ms): 1 test running...
🤔 test: running \\"test\\"!
",
  "🌟 Betterer (4,371ms): 1 test running...
🤔 test: running \\"test\\"!
",
  "🌟 Betterer (4,472ms): 1 test running...
🤔 test: running \\"test\\"!
",
  "🌟 Betterer (4,573ms): 1 test running...
🤔 test: running \\"test\\"!
",
  "🌟 Betterer (4,676ms): 1 test running...
🤔 test: running \\"test\\"!
",
  "🌟 Betterer (4,777ms): 1 test running...
🤔 test: running \\"test\\"!
",
  "🌟 Betterer (4,877ms): 1 test running...
🤔 test: running \\"test\\"!
",
  "🌟 Betterer (4,977ms): 1 test running...
🤔 test: running \\"test\\"!
",
  "🌟 Betterer (5,079ms): 1 test running...
🤔 test: running \\"test\\"!
",
  "🌟 Betterer (5,181ms): 1 test running...
🤔 test: running \\"test\\"!
",
  "🌟 Betterer (5,282ms): 1 test running...
🤔 test: running \\"test\\"!
",
  "🌟 Betterer (5,383ms): 1 test running...
🤔 test: running \\"test\\"!
",
  "🌟 Betterer (5,484ms): 1 test running...
🤔 test: running \\"test\\"!
",
  "🌟 Betterer (5,585ms): 1 test running...
🤔 test: running \\"test\\"!
",
  "🌟 Betterer (5,686ms): 1 test running...
🤔 test: running \\"test\\"!
",
  "🌟 Betterer (5,788ms): 1 test running...
🤔 test: running \\"test\\"!
",
  "🌟 Betterer (5,888ms): 1 test running...
🤔 test: running \\"test\\"!
",
  "🌟 Betterer (5,992ms): 1 test running...
🤔 test: running \\"test\\"!
",
  "🌟 Betterer (6,092ms): 1 test running...
🤔 test: running \\"test\\"!
",
  "🌟 Betterer (6,193ms): 1 test running...
🤔 test: running \\"test\\"!
",
  "🌟 Betterer (6,296ms): 1 test running...
🤔 test: running \\"test\\"!
",
  "🌟 Betterer (6,397ms): 1 test running...
🤔 test: running \\"test\\"!
",
  "🌟 Betterer (6,498ms): 1 test running...
🤔 test: running \\"test\\"!
",
  "🌟 Betterer (6,599ms): 1 test running...
🤔 test: running \\"test\\"!
",
  "🌟 Betterer (6,700ms): 1 test running...
🤔 test: running \\"test\\"!
",
  "🌟 Betterer (6,814ms): 1 test running...
🤔 test: running \\"test\\"!
",
  "🌟 Betterer (6,915ms): 1 test running...
🤔 test: running \\"test\\"!
",
  "🌟 Betterer (6,915ms): 1 test running...
✅ test: \\"test\\" got checked for the first time! (1 issue) 🎉
",
  "🎉 Betterer (7,034ms): 1 test done!
✅ test: \\"test\\" got checked for the first time! (1 issue) 🎉
",
  "🎉 Betterer (7,034ms): 1 test done!
✅ test: \\"test\\" got checked for the first time! (1 issue) 🎉

1 test got checked. 🤔
1 test got checked for the first time! 🎉
",
  "🌟 Betterer:
",
  "🌟 Betterer: 1 test running...
🤔 test: running \\"test\\"!
",
  "🌟 Betterer: 1 test running...
🔥 test: \\"test\\" got worse. (1 new issue, 2 total) 😔
",
  "🌟 Betterer: 1 test running...
🔥 test: \\"test\\" got worse. (1 new issue, 2 total) 😔

Error: \\"test\\" got worse. (1 new issue, 2 total) 😔
",
  "💥 Betterer: 1 test done! 1 test errored!
🔥 test: \\"test\\" got worse. (1 new issue, 2 total) 😔
・ 1 existing issue in \\"<project>/fixtures/precommit-worse/src/index.ts\\".
・ New issue in \\"<project>/fixtures/precommit-worse/src/index.ts\\"!
・
・   <project>/fixtures/precommit-worse/src/index.ts
・   2 | const one = 1;
・   3 | console.log(one * a);
・ > 4 | console.log(a * one);
・     |             ^ The left-hand side of an arithmetic operation must be of type 'any', 'number', 'bigint' or an enum type.
・

Error: \\"test\\" got worse. (1 new issue, 2 total) 😔
",
  "💥 Betterer: 1 test done! 1 test errored!
🔥 test: \\"test\\" got worse. (1 new issue, 2 total) 😔
・ 1 existing issue in \\"<project>/fixtures/precommit-worse/src/index.ts\\".
・ New issue in \\"<project>/fixtures/precommit-worse/src/index.ts\\"!
・
・   <project>/fixtures/precommit-worse/src/index.ts
・   2 | const one = 1;
・   3 | console.log(one * a);
・ > 4 | console.log(a * one);
・     |             ^ The left-hand side of an arithmetic operation must be of type 'any', 'number', 'bigint' or an enum type.
・

Error: \\"test\\" got worse. (1 new issue, 2 total) 😔

1 test got checked. 🤔
1 test got worse. 😔

",
]
`;
