// Vitest Snapshot v1, https://vitest.dev/guide/snapshot.html

exports[`betterer.watch > should quit when "q" is pressed 1`] = `
[
  "Filters (press "f" to edit): No current filter patterns
Ignores (press "i" to edit): No current ignore patterns

Starting Betterer in watch mode! 🎉

(press "ctrl+c" or "q" to quit)
",
  "Filters (press "f" to edit): No current filter patterns
Ignores (press "i" to edit): No current ignore patterns

Checking 1 file... 🤔

・ fixtures/watch-quit/src/index.ts

🌟 Betterer (0ms):

(press "ctrl+c" or "q" to quit)
",
  "Filters (press "f" to edit): No current filter patterns
Ignores (press "i" to edit): No current ignore patterns

Checking 1 file... 🤔

・ fixtures/watch-quit/src/index.ts

🌟 Betterer (0ms): 1 test running...
🤔 test: running "test"!

(press "ctrl+c" or "q" to quit)
",
  "Filters (press "f" to edit): No current filter patterns
Ignores (press "i" to edit): No current ignore patterns

Checking 1 file... 🤔

・ fixtures/watch-quit/src/index.ts

🎉 Betterer (0ms): 1 test done!
✅ test: "test" got checked for the first time! (2 issues) 🎉

(press "ctrl+c" or "q" to quit)
",
  "Filters (press "f" to edit): No current filter patterns
Ignores (press "i" to edit): No current ignore patterns

Checked 1 file! 🔍

・ fixtures/watch-quit/src/index.ts

🎉 Betterer (0ms): 1 test done!
✅ test: "test" got checked for the first time! (2 issues) 🎉

1 test got checked. 🤔
1 test got checked for the first time! 🎉

(press "ctrl+c" or "q" to quit)
",
  "Stopping watch mode... 👋
",
]
`;
