// Jest Snapshot v1, https://goo.gl/fbAQLP

exports[`betterer.watch should stop when forced 1`] = `
Array [
  "
   / | /     _         _   _
 '-.ooo.-'  | |__  ___| |_| |_ ___ _ __ ___ _ __
---ooooo--- | '_ // _ / __| __/ _ / '__/ _ / '__|
 .-'ooo'-.  | |_)|  __/ |_| ||  __/ | |  __/ |
   / | /    |_.__//___|/__|/__/___|_|  /___|_|

Filters (press \\"f\\" to edit): No current filter patterns
Ignores (press \\"i\\" to edit): No current ignore patterns

Starting Betterer in watch mode! 🎉

(press \\"q\\" to quit)
",
  "
   / | /     _         _   _
 '-.ooo.-'  | |__  ___| |_| |_ ___ _ __ ___ _ __
---ooooo--- | '_ // _ / __| __/ _ / '__/ _ / '__|
 .-'ooo'-.  | |_)|  __/ |_| ||  __/ | |  __/ |
   / | /    |_.__//___|/__|/__/___|_|  /___|_|

Stopping watch mode... 👋
",
]
`;
