// Jest Snapshot v1, https://goo.gl/fbAQLP

exports[`betterer should throw when there is invalid config 1`] = `
Array [
  "",
  "AssertionError [ERR_ASSERTION]: Error: \\"allowDiff\\" must be \`true\` or \`false\`. Recieved \`1234\`.",
  "",
  "",
  "AssertionError [ERR_ASSERTION]: Error: \\"allowDiff\\" must be \`true\` or \`false\`. Recieved \`\\"betterer\\"\`.",
  "",
  "",
  "AssertionError [ERR_ASSERTION]: Error: \\"allowDiff\\" must be \`true\` or \`false\`. Recieved \`{}\`.",
  "",
  "",
  "AssertionError [ERR_ASSERTION]: Error: \\"configPaths\\" must be an array of strings. Recieved \`[1234]\`.",
  "",
  "",
  "AssertionError [ERR_ASSERTION]: Error: \\"configPaths\\" must be an array of strings. Recieved \`[true]\`.",
  "",
  "",
  "AssertionError [ERR_ASSERTION]: Error: \\"configPaths\\" must be an array of strings. Recieved \`[{}]\`.",
  "",
  "",
  "AssertionError [ERR_ASSERTION]: Error: \\"configPaths\\" must be an array of strings. Recieved \`[1234]\`.",
  "",
  "",
  "AssertionError [ERR_ASSERTION]: Error: \\"cwd\\" must be a string. Recieved \`1234\`.",
  "",
  "",
  "AssertionError [ERR_ASSERTION]: Error: \\"cwd\\" must be a string. Recieved \`{}\`.",
  "",
  "",
  "AssertionError [ERR_ASSERTION]: Error: \\"filters\\" must be an array of strings or RegExps. Recieved \`[1234]\`.",
  "",
  "",
  "AssertionError [ERR_ASSERTION]: Error: \\"filters\\" must be an array of strings or RegExps. Recieved \`[true]\`.",
  "",
  "",
  "AssertionError [ERR_ASSERTION]: Error: \\"filters\\" must be an array of strings or RegExps. Recieved \`[{}]\`.",
  "",
  "",
  "AssertionError [ERR_ASSERTION]: Error: \\"filters\\" must be an array of strings or RegExps. Recieved \`[1234]\`.",
  "",
  "",
  "AssertionError [ERR_ASSERTION]: Error: \\"ignores\\" must be an array of strings. Recieved \`[1234]\`.",
  "",
  "",
  "AssertionError [ERR_ASSERTION]: Error: \\"ignores\\" must be an array of strings. Recieved \`[true]\`.",
  "",
  "",
  "AssertionError [ERR_ASSERTION]: Error: \\"ignores\\" must be an array of strings. Recieved \`[{}]\`.",
  "",
  "",
  "AssertionError [ERR_ASSERTION]: Error: \\"ignores\\" must be an array of strings. Recieved \`[1234]\`.",
  "",
  "",
  "AssertionError [ERR_ASSERTION]: Error: \\"reporters\\" must be an array of strings. Recieved \`[1234]\`.",
  "",
  "",
  "AssertionError [ERR_ASSERTION]: Error: \\"reporters\\" must be an array of strings. Recieved \`[true]\`.",
  "",
  "",
  "AssertionError [ERR_ASSERTION]: Error: \\"reporters\\" must be an array of strings. Recieved \`[{}]\`.",
  "",
  "",
  "AssertionError [ERR_ASSERTION]: Error: \\"reporters\\" must be an array of strings. Recieved \`[1234]\`.",
  "",
  "",
  "AssertionError [ERR_ASSERTION]: Error: \\"resultsPath\\" must be a string. Recieved \`1234\`.",
  "",
  "",
  "AssertionError [ERR_ASSERTION]: Error: \\"resultsPath\\" must be a string. Recieved \`true\`.",
  "",
  "",
  "AssertionError [ERR_ASSERTION]: Error: \\"resultsPath\\" must be a string. Recieved \`{}\`.",
  "",
  "AssertionError [ERR_ASSERTION]: Error: \\"silent\\" must be \`true\` or \`false\`. Recieved \`1234\`.",
  "AssertionError [ERR_ASSERTION]: Error: \\"silent\\" must be \`true\` or \`false\`. Recieved \`\\"betterer\\"\`.",
  "AssertionError [ERR_ASSERTION]: Error: \\"silent\\" must be \`true\` or \`false\`. Recieved \`{}\`.",
  "",
  "AssertionError [ERR_ASSERTION]: Error: \\"update\\" must be \`true\` or \`false\`. Recieved \`1234\`.",
  "",
  "",
  "AssertionError [ERR_ASSERTION]: Error: \\"update\\" must be \`true\` or \`false\`. Recieved \`\\"betterer\\"\`.",
  "",
  "",
  "AssertionError [ERR_ASSERTION]: Error: \\"update\\" must be \`true\` or \`false\`. Recieved \`{}\`.",
  "",
]
`;

exports[`betterer should throw when there is not a config file 1`] = `
Array [
  "
   / | /     _          _   _                     
 '-.ooo.-'  | |__   ___| |_| |_ ___ _ __ ___ _ __ 
---ooooo--- | '_ / / _ / __| __/ _ / '__/ _ / '__|
 .-'ooo'-.  | |_) |  __/ |_| ||  __/ | |  __/ |   
   / | /    |_.__/ /___|/__|/__/___|_|  /___|_|   
 ",
  " ☀️  betterer  erro  🔥  - ",
  "could not read config from \\"<project>/fixtures/test-betterer-config/.betterer\\". 😔",
  "",
  "Error: Cannot find module '<project>/fixtures/test-betterer-config/.betterer' from 'packages/betterer/dist/require.js'",
  "",
]
`;
