// Jest Snapshot v1, https://goo.gl/fbAQLP

exports[`betterer should not stay worse if an update is forced 1`] = `
"// BETTERER RESULTS V1.
exports[\`tsquery no raw console.log\`] = {
  timestamp: 0,
  value: \`{
    \\"src/index.ts:315583663\\": [
      [0, 0, 11, \\"TSQuery match\\", \\"3870399096\\"],
      [1, 0, 11, \\"TSQuery match\\", \\"3870399096\\"]
    ]
  }\`
};
"
`;

exports[`betterer should not stay worse if an update is forced 2`] = `
Array [
  "
   / | /     _          _   _                     
 '-.ooo.-'  | |__   ___| |_| |_ ___ _ __ ___ _ __ 
---ooooo--- | '_ / / _ / __| __/ _ / '__/ _ / '__|
 .-'ooo'-.  | |_) |  __/ |_| ||  __/ | |  __/ |   
   / | /    |_.__/ /___|/__|/__/___|_|  /___|_|   
 ",
  " ☀️  betterer  info  💬  - ",
  "running \\"tsquery no raw console.log\\"!",
  " ☀️  betterer  succ  ✅  - ",
  "\\"tsquery no raw console.log\\" got checked for the first time! 🎉",
  " ☀️  betterer  info  💬  - ",
  "1 test got checked. 🤔",
  " ☀️  betterer  info  💬  - ",
  "1 test got checked for the first time! 🎉",
  "
   / | /     _          _   _                     
 '-.ooo.-'  | |__   ___| |_| |_ ___ _ __ ___ _ __ 
---ooooo--- | '_ / / _ / __| __/ _ / '__/ _ / '__|
 .-'ooo'-.  | |_) |  __/ |_| ||  __/ | |  __/ |   
   / | /    |_.__/ /___|/__|/__/___|_|  /___|_|   
 ",
  " ☀️  betterer  info  💬  - ",
  "running \\"tsquery no raw console.log\\"!",
  " ☀️  betterer  erro  🔥  - ",
  "\\"tsquery no raw console.log\\" got worse. 😔",
  "",
  " ☀️  betterer  warn  🚨  - ",
  "1 existing issue in \\"src/index.ts\\".",
  " ☀️  betterer  erro  🔥  - ",
  "1 new issue in \\"src/index.ts\\":",
  "
   TSQuery match 
  1 | console.log('foo');
> 2 | console.log('foo');
    | ^^^^^^^^^^^",
  "",
  "",
  " ☀️  betterer  info  💬  - ",
  "1 test got checked. 🤔",
  " ☀️  betterer  erro  🔥  - ",
  "1 test got worse. 😔",
  "
   / | /     _          _   _                     
 '-.ooo.-'  | |__   ___| |_| |_ ___ _ __ ___ _ __ 
---ooooo--- | '_ / / _ / __| __/ _ / '__/ _ / '__|
 .-'ooo'-.  | |_) |  __/ |_| ||  __/ | |  __/ |   
   / | /    |_.__/ /___|/__|/__/___|_|  /___|_|   
 ",
  " ☀️  betterer  info  💬  - ",
  "running \\"tsquery no raw console.log\\"!",
  " ☀️  betterer  warn  🚨  - ",
  "\\"tsquery no raw console.log\\" stayed the same. 😐",
  " ☀️  betterer  info  💬  - ",
  "1 test got checked. 🤔",
  " ☀️  betterer  warn  🚨  - ",
  "1 test stayed the same. 😐",
]
`;

exports[`betterer should work when a test gets worse 1`] = `
Array [
  "
   / | /     _          _   _                     
 '-.ooo.-'  | |__   ___| |_| |_ ___ _ __ ___ _ __ 
---ooooo--- | '_ / / _ / __| __/ _ / '__/ _ / '__|
 .-'ooo'-.  | |_) |  __/ |_| ||  __/ | |  __/ |   
   / | /    |_.__/ /___|/__|/__/___|_|  /___|_|   
 ",
  " ☀️  betterer  info  💬  - ",
  "running \\"should shrink\\"!",
  " ☀️  betterer  succ  ✅  - ",
  "\\"should shrink\\" got checked for the first time! 🎉",
  " ☀️  betterer  info  💬  - ",
  "running \\"should grow\\"!",
  " ☀️  betterer  succ  ✅  - ",
  "\\"should grow\\" got checked for the first time! 🎉",
  " ☀️  betterer  info  💬  - ",
  "2 tests got checked. 🤔",
  " ☀️  betterer  info  💬  - ",
  "2 tests got checked for the first time! 🎉",
  "
   / | /     _          _   _                     
 '-.ooo.-'  | |__   ___| |_| |_ ___ _ __ ___ _ __ 
---ooooo--- | '_ / / _ / __| __/ _ / '__/ _ / '__|
 .-'ooo'-.  | |_) |  __/ |_| ||  __/ | |  __/ |   
   / | /    |_.__/ /___|/__|/__/___|_|  /___|_|   
 ",
  " ☀️  betterer  info  💬  - ",
  "running \\"should shrink\\"!",
  " ☀️  betterer  erro  🔥  - ",
  "\\"should shrink\\" got worse. 😔",
  "",
  "  - Result",
  "  + Expected",
  "  ",
  "  - 1",
  "  + 0",
  "",
  " ☀️  betterer  info  💬  - ",
  "running \\"should grow\\"!",
  " ☀️  betterer  erro  🔥  - ",
  "\\"should grow\\" got worse. 😔",
  "",
  "  - Result",
  "  + Expected",
  "  ",
  "  - 1",
  "  + 2",
  "",
  " ☀️  betterer  info  💬  - ",
  "2 tests got checked. 🤔",
  " ☀️  betterer  erro  🔥  - ",
  "2 tests got worse. 😔",
]
`;

exports[`betterer should work when a test gets worse 2`] = `
"// BETTERER RESULTS V1.
exports[\`should shrink\`] = {
  timestamp: 0,
  value: \`0\`
};

exports[\`should grow\`] = {
  timestamp: 0,
  value: \`2\`
};
"
`;
