// Vitest Snapshot v1, https://vitest.dev/guide/snapshot.html

exports[`betterer > should work when a test changes and makes the result better 1`] = `
[
  "🌟 Betterer (0ms):
",
  "🌟 Betterer (0ms): 1 test running...
🤔 test: running \\"test\\"!
",
  "🌟 Betterer (0ms): 1 test running...
✅ test: \\"test\\" got checked for the first time! (3 issues) 🎉
",
  "🎉 Betterer (0ms): 1 test done!
✅ test: \\"test\\" got checked for the first time! (3 issues) 🎉
",
  "🎉 Betterer (0ms): 1 test done!
✅ test: \\"test\\" got checked for the first time! (3 issues) 🎉

1 test got checked. 🤔
1 test got checked for the first time! 🎉
",
  "🌟 Betterer (0ms):
",
  "🌟 Betterer (0ms): 1 test running...
🤔 test: running \\"test\\"!
",
  "🌟 Betterer (0ms): 1 test running...
✅ test: \\"test\\" got better! (1 fixed issue, 2 remaining) 😍
",
  "🎉 Betterer (0ms): 1 test done!
✅ test: \\"test\\" got better! (1 fixed issue, 2 remaining) 😍
",
  "🎉 Betterer (0ms): 1 test done!
✅ test: \\"test\\" got better! (1 fixed issue, 2 remaining) 😍

1 test got checked. 🤔
1 test got better! 😍
",
]
`;

exports[`betterer > should work when a test changes and makes the result better 2`] = `
"// BETTERER RESULTS V2.
//
// If this file contains merge conflicts, use \`betterer merge\` to automatically resolve them:
// https://phenomnomnominal.github.io/betterer/docs/results-file/#merge
//
exports[\`test\`] = {
  value: \`{
    \\"src/index.ts:913095150\\": [
      [0, 0, 11, \\"TSQuery match\\", \\"3870399096\\"],
      [2, 0, 11, \\"TSQuery match\\", \\"3870399096\\"]
    ]
  }\`
};
"
`;
