// Jest Snapshot v1, https://goo.gl/fbAQLP

exports[`betterer should work when a test meets it's goal 1`] = `
Array [
  "[93m[39m
[93m   \\\\ | /     _          _   _                     [39m
[93m '-.ooo.-'  | |__   ___| |_| |_ ___ _ __ ___ _ __ [39m
[93m---ooooo--- | '_ \\\\ / _ \\\\ __| __/ _ \\\\ '__/ _ \\\\ '__|[39m
[93m .-'ooo'-.  | |_) |  __/ |_| ||  __/ | |  __/ |   [39m
[93m   / | \\\\    |_.__/ \\\\___|\\\\__|\\\\__\\\\___|_|  \\\\___|_|   [39m
[93m [39m",
  "[40m[93m[1m ☀️  betterer [22m[39m[49m[107m[30m info [39m[49m[40m 💬 [49m[40m[93m - [39m[49m",
  "[97mrunning \\"gets completed\\"![39m",
  "[40m[93m[1m ☀️  betterer [22m[39m[49m[102m[30m succ [39m[49m[40m ✅ [49m[40m[93m - [39m[49m",
  "[97m\\"gets completed\\" got checked for the first time! 🎉[39m",
  "[40m[93m[1m ☀️  betterer [22m[39m[49m[107m[30m info [39m[49m[40m 💬 [49m[40m[93m - [39m[49m",
  "[97m1 thing got checked. 🤔[39m",
  "[40m[93m[1m ☀️  betterer [22m[39m[49m[107m[30m info [39m[49m[40m 💬 [49m[40m[93m - [39m[49m",
  "[97m1 thing got checked for the first time! 🎉[39m",
  "[93m[39m
[93m   \\\\ | /     _          _   _                     [39m
[93m '-.ooo.-'  | |__   ___| |_| |_ ___ _ __ ___ _ __ [39m
[93m---ooooo--- | '_ \\\\ / _ \\\\ __| __/ _ \\\\ '__/ _ \\\\ '__|[39m
[93m .-'ooo'-.  | |_) |  __/ |_| ||  __/ | |  __/ |   [39m
[93m   / | \\\\    |_.__/ \\\\___|\\\\__|\\\\__\\\\___|_|  \\\\___|_|   [39m
[93m [39m",
  "[40m[93m[1m ☀️  betterer [22m[39m[49m[107m[30m info [39m[49m[40m 💬 [49m[40m[93m - [39m[49m",
  "[97mrunning \\"gets completed\\"![39m",
  "[40m[93m[1m ☀️  betterer [22m[39m[49m[102m[30m succ [39m[49m[40m ✅ [49m[40m[93m - [39m[49m",
  "[97m\\"gets completed\\" got better! 😍[39m",
  "[40m[93m[1m ☀️  betterer [22m[39m[49m[107m[30m info [39m[49m[40m 💬 [49m[40m[93m - [39m[49m",
  "[97m1 thing got checked. 🤔[39m",
  "[40m[93m[1m ☀️  betterer [22m[39m[49m[102m[30m succ [39m[49m[40m ✅ [49m[40m[93m - [39m[49m",
  "[97m1 thing got better! 😍[39m",
  "[93m[39m
[93m   \\\\ | /     _          _   _                     [39m
[93m '-.ooo.-'  | |__   ___| |_| |_ ___ _ __ ___ _ __ [39m
[93m---ooooo--- | '_ \\\\ / _ \\\\ __| __/ _ \\\\ '__/ _ \\\\ '__|[39m
[93m .-'ooo'-.  | |_) |  __/ |_| ||  __/ | |  __/ |   [39m
[93m   / | \\\\    |_.__/ \\\\___|\\\\__|\\\\__\\\\___|_|  \\\\___|_|   [39m
[93m [39m",
  "[40m[93m[1m ☀️  betterer [22m[39m[49m[107m[30m info [39m[49m[40m 💬 [49m[40m[93m - [39m[49m",
  "[97mrunning \\"gets completed\\"![39m",
  "[40m[93m[1m ☀️  betterer [22m[39m[49m[102m[30m succ [39m[49m[40m ✅ [49m[40m[93m - [39m[49m",
  "[97m\\"gets completed\\" met its goal! 🎉[39m",
  "[40m[93m[1m ☀️  betterer [22m[39m[49m[107m[30m info [39m[49m[40m 💬 [49m[40m[93m - [39m[49m",
  "[97m1 thing got checked. 🤔[39m",
  "[40m[93m[1m ☀️  betterer [22m[39m[49m[102m[30m succ [39m[49m[40m ✅ [49m[40m[93m - [39m[49m",
  "[97m1 thing got better! 😍[39m",
  "[40m[93m[1m ☀️  betterer [22m[39m[49m[102m[30m succ [39m[49m[40m ✅ [49m[40m[93m - [39m[49m",
  "[97m\\"gets completed\\" met its goal! 🎉[39m",
]
`;

exports[`betterer should work when a test meets it's goal 2`] = `
"// BETTERER RESULTS V1.
exports[\`gets completed\`] = {
  timestamp: 0,
  value: \`2\`
};"
`;
