// Jest Snapshot v1, https://goo.gl/fbAQLP

exports[`betterer should work when a test gets worse 1`] = `
Array [
  "
   \\\\ | /     _          _   _                     
 '-.ooo.-'  | |__   ___| |_| |_ ___ _ __ ___ _ __ 
---ooooo--- | '_ \\\\ / _ \\\\ __| __/ _ \\\\ '__/ _ \\\\ '__|
 .-'ooo'-.  | |_) |  __/ |_| ||  __/ | |  __/ |   
   / | \\\\    |_.__/ \\\\___|\\\\__|\\\\__\\\\___|_|  \\\\___|_|   
 ",
  " ☀️  betterer  info  💬  - ",
  "running \\"should shrink\\"!",
  " ☀️  betterer  succ  ✅  - ",
  "\\"should shrink\\" got checked for the first time! 🎉",
  " ☀️  betterer  info  💬  - ",
  "running \\"should grow\\"!",
  " ☀️  betterer  succ  ✅  - ",
  "\\"should grow\\" got checked for the first time! 🎉",
  " ☀️  betterer  info  💬  - ",
  "2 things got checked. 🤔",
  " ☀️  betterer  info  💬  - ",
  "2 things got checked for the first time! 🎉",
  "
   \\\\ | /     _          _   _                     
 '-.ooo.-'  | |__   ___| |_| |_ ___ _ __ ___ _ __ 
---ooooo--- | '_ \\\\ / _ \\\\ __| __/ _ \\\\ '__/ _ \\\\ '__|
 .-'ooo'-.  | |_) |  __/ |_| ||  __/ | |  __/ |   
   / | \\\\    |_.__/ \\\\___|\\\\__|\\\\__\\\\___|_|  \\\\___|_|   
 ",
  " ☀️  betterer  info  💬  - ",
  "running \\"should shrink\\"!",
  " ☀️  betterer  erro  🔥  - ",
  "\\"should shrink\\" got worse. 😔",
  "",
  "  - Previous
  + Current
  
  - 0
  + 1",
  "",
  " ☀️  betterer  info  💬  - ",
  "running \\"should grow\\"!",
  " ☀️  betterer  erro  🔥  - ",
  "\\"should grow\\" got worse. 😔",
  "",
  "  - Previous
  + Current
  
  - 2
  + 1",
  "",
  " ☀️  betterer  info  💬  - ",
  "2 things got checked. 🤔",
  " ☀️  betterer  erro  🔥  - ",
  "2 things got worse. 😔",
]
`;

exports[`betterer should work when a test gets worse 2`] = `
"// BETTERER RESULTS V1.
exports[\`should shrink\`] = {
  timestamp: 0,
  value: \`0\`
};
exports[\`should grow\`] = {
  timestamp: 0,
  value: \`2\`
};"
`;
