// Jest Snapshot v1, https://goo.gl/fbAQLP

exports[`betterer should throw when there is invalid config 1`] = `
Array [
  " ☀️  betterer  erro  🔥  - ",
  "\\"allowDiff\\" must be \`true\` or \`false\`. Recieved \`1234\`.",
  " ☀️  betterer  erro  🔥  - ",
  "\\"allowDiff\\" must be \`true\` or \`false\`. Recieved \`\\"betterer\\"\`.",
  " ☀️  betterer  erro  🔥  - ",
  "\\"allowDiff\\" must be \`true\` or \`false\`. Recieved \`{}\`.",
  " ☀️  betterer  erro  🔥  - ",
  "\\"configPaths\\" must be an array of strings. Recieved \`[1234]\`.",
  " ☀️  betterer  erro  🔥  - ",
  "\\"configPaths\\" must be an array of strings. Recieved \`[true]\`.",
  " ☀️  betterer  erro  🔥  - ",
  "\\"configPaths\\" must be an array of strings. Recieved \`[{}]\`.",
  " ☀️  betterer  erro  🔥  - ",
  "\\"configPaths\\" must be an array of strings. Recieved \`[1234]\`.",
  " ☀️  betterer  erro  🔥  - ",
  "\\"cwd\\" must be a string. Recieved \`1234\`.",
  " ☀️  betterer  erro  🔥  - ",
  "\\"cwd\\" must be a string. Recieved \`{}\`.",
  " ☀️  betterer  erro  🔥  - ",
  "\\"filters\\" must be an array of strings or RegExps. Recieved \`[1234]\`.",
  " ☀️  betterer  erro  🔥  - ",
  "\\"filters\\" must be an array of strings or RegExps. Recieved \`[true]\`.",
  " ☀️  betterer  erro  🔥  - ",
  "\\"filters\\" must be an array of strings or RegExps. Recieved \`[{}]\`.",
  " ☀️  betterer  erro  🔥  - ",
  "\\"filters\\" must be an array of strings or RegExps. Recieved \`[1234]\`.",
  " ☀️  betterer  erro  🔥  - ",
  "\\"ignores\\" must be an array of strings. Recieved \`[1234]\`.",
  " ☀️  betterer  erro  🔥  - ",
  "\\"ignores\\" must be an array of strings. Recieved \`[true]\`.",
  " ☀️  betterer  erro  🔥  - ",
  "\\"ignores\\" must be an array of strings. Recieved \`[{}]\`.",
  " ☀️  betterer  erro  🔥  - ",
  "\\"ignores\\" must be an array of strings. Recieved \`[1234]\`.",
  " ☀️  betterer  erro  🔥  - ",
  "\\"reporters\\" must be an array of strings. Recieved \`[1234]\`.",
  " ☀️  betterer  erro  🔥  - ",
  "\\"reporters\\" must be an array of strings. Recieved \`[true]\`.",
  " ☀️  betterer  erro  🔥  - ",
  "\\"reporters\\" must be an array of strings. Recieved \`[{}]\`.",
  " ☀️  betterer  erro  🔥  - ",
  "\\"reporters\\" must be an array of strings. Recieved \`[1234]\`.",
  " ☀️  betterer  erro  🔥  - ",
  "\\"resultsPath\\" must be a string. Recieved \`1234\`.",
  " ☀️  betterer  erro  🔥  - ",
  "\\"resultsPath\\" must be a string. Recieved \`true\`.",
  " ☀️  betterer  erro  🔥  - ",
  "\\"resultsPath\\" must be a string. Recieved \`{}\`.",
  " ☀️  betterer  erro  🔥  - ",
  "\\"silent\\" must be \`true\` or \`false\`. Recieved \`1234\`.",
  " ☀️  betterer  erro  🔥  - ",
  "\\"silent\\" must be \`true\` or \`false\`. Recieved \`\\"betterer\\"\`.",
  " ☀️  betterer  erro  🔥  - ",
  "\\"silent\\" must be \`true\` or \`false\`. Recieved \`{}\`.",
  " ☀️  betterer  erro  🔥  - ",
  "\\"update\\" must be \`true\` or \`false\`. Recieved \`1234\`.",
  " ☀️  betterer  erro  🔥  - ",
  "\\"update\\" must be \`true\` or \`false\`. Recieved \`\\"betterer\\"\`.",
  " ☀️  betterer  erro  🔥  - ",
  "\\"update\\" must be \`true\` or \`false\`. Recieved \`{}\`.",
]
`;

exports[`betterer should throw when there is not a config file 1`] = `
Array [
  "
   / | /     _          _   _                     
 '-.ooo.-'  | |__   ___| |_| |_ ___ _ __ ___ _ __ 
---ooooo--- | '_ / / _ / __| __/ _ / '__/ _ / '__|
 .-'ooo'-.  | |_) |  __/ |_| ||  __/ | |  __/ |   
   / | /    |_.__/ /___|/__|/__/___|_|  /___|_|   
 ",
  " ☀️  betterer  erro  🔥  - ",
  "could not read config from \\"<project>/fixtures/test-betterer-config/.betterer\\". 😔",
  "",
  "Error: Cannot find module '<project>/fixtures/test-betterer-config/.betterer' from 'packages/betterer/dist/require.js'",
  "",
]
`;
