// Vitest Snapshot v1, https://vitest.dev/guide/snapshot.html

exports[`betterer > doesn't cache if a test gets worse 1`] = `
"{
  \\"version\\": 2,
  \\"testCache\\": {
    \\"test\\": {
      \\"src/index.ts\\": \\"39946026984126639614\\"
    }
  }
}"
`;

exports[`betterer > doesn't cache if a test gets worse 2`] = `
"{
  \\"version\\": 2,
  \\"testCache\\": {
    \\"test\\": {
      \\"src/index.ts\\": \\"39946026984126639614\\"
    }
  }
}"
`;

exports[`betterer > doesn't cache if a test gets worse 3`] = `
[
  "🌟 Betterer (0ms):
",
  "🌟 Betterer (0ms): 1 test running...
🤔 test: running \\"test\\"!
",
  "🌟 Betterer (0ms): 1 test running...
✅ test: \\"test\\" got checked for the first time! (1 issue) 🎉
",
  "🎉 Betterer (0ms): 1 test done!
✅ test: \\"test\\" got checked for the first time! (1 issue) 🎉
",
  "🎉 Betterer (0ms): 1 test done!
✅ test: \\"test\\" got checked for the first time! (1 issue) 🎉

1 test got checked. 🤔
1 test got checked for the first time! 🎉
",
  "🌟 Betterer (0ms):
",
  "🌟 Betterer (0ms): 1 test running...
🤔 test: running \\"test\\"!
",
  "🌟 Betterer (0ms): 1 test running...
✅ test: \\"test\\" stayed the same. (1 issue) 😐
",
  "🎉 Betterer (0ms): 1 test done!
✅ test: \\"test\\" stayed the same. (1 issue) 😐
",
  "🎉 Betterer (0ms): 1 test done!
✅ test: \\"test\\" stayed the same. (1 issue) 😐

1 test got checked. 🤔
1 test stayed the same. 😐
",
  "🌟 Betterer (0ms):
",
  "🌟 Betterer (0ms): 1 test running...
🤔 test: running \\"test\\"!
",
  "🌟 Betterer (0ms): 1 test running...
🔥 test: \\"test\\" got worse. (1 new issue, 2 total) 😔
",
  "🌟 Betterer (0ms): 1 test running...
🔥 test: \\"test\\" got worse. (1 new issue, 2 total) 😔

Error: \\"test\\" got worse. (1 new issue, 2 total) 😔
",
  "💥 Betterer (0ms): 1 test done! 1 test errored!
🔥 test: \\"test\\" got worse. (1 new issue, 2 total) 😔
・ 1 existing issue in \\"<project>/fixtures/cache-worse/src/index.ts\\".
・ New issue in \\"<project>/fixtures/cache-worse/src/index.ts\\"!
・
・   <project>/fixtures/cache-worse/src/index.ts
・   1 | // HACK:
・ > 2 | // HACK:
・     | ^^^^^^^ RegExp match
・

Error: \\"test\\" got worse. (1 new issue, 2 total) 😔
",
  "💥 Betterer (0ms): 1 test done! 1 test errored!
🔥 test: \\"test\\" got worse. (1 new issue, 2 total) 😔
・ 1 existing issue in \\"<project>/fixtures/cache-worse/src/index.ts\\".
・ New issue in \\"<project>/fixtures/cache-worse/src/index.ts\\"!
・
・   <project>/fixtures/cache-worse/src/index.ts
・   1 | // HACK:
・ > 2 | // HACK:
・     | ^^^^^^^ RegExp match
・

Error: \\"test\\" got worse. (1 new issue, 2 total) 😔

1 test got checked. 🤔
1 test got worse. 😔

You should try to fix the new issues! As a last resort, you can run \`betterer --update\` to force an update of the results file. 🆙
",
  "🌟 Betterer (0ms):
",
  "🌟 Betterer (0ms): 1 test running...
🤔 test: running \\"test\\"!
",
  "🌟 Betterer (0ms): 1 test running...
🔥 test: \\"test\\" got worse. (1 new issue, 2 total) 😔
",
  "🌟 Betterer (0ms): 1 test running...
🔥 test: \\"test\\" got worse. (1 new issue, 2 total) 😔

Error: \\"test\\" got worse. (1 new issue, 2 total) 😔
",
  "💥 Betterer (0ms): 1 test done! 1 test errored!
🔥 test: \\"test\\" got worse. (1 new issue, 2 total) 😔
・ 1 existing issue in \\"<project>/fixtures/cache-worse/src/index.ts\\".
・ New issue in \\"<project>/fixtures/cache-worse/src/index.ts\\"!
・
・   <project>/fixtures/cache-worse/src/index.ts
・   1 | // HACK:
・ > 2 | // HACK:
・     | ^^^^^^^ RegExp match
・

Error: \\"test\\" got worse. (1 new issue, 2 total) 😔
",
  "💥 Betterer (0ms): 1 test done! 1 test errored!
🔥 test: \\"test\\" got worse. (1 new issue, 2 total) 😔
・ 1 existing issue in \\"<project>/fixtures/cache-worse/src/index.ts\\".
・ New issue in \\"<project>/fixtures/cache-worse/src/index.ts\\"!
・
・   <project>/fixtures/cache-worse/src/index.ts
・   1 | // HACK:
・ > 2 | // HACK:
・     | ^^^^^^^ RegExp match
・

Error: \\"test\\" got worse. (1 new issue, 2 total) 😔

1 test got checked. 🤔
1 test got worse. 😔

You should try to fix the new issues! As a last resort, you can run \`betterer --update\` to force an update of the results file. 🆙
",
]
`;
