// Vitest Snapshot v1, https://vitest.dev/guide/snapshot.html

exports[`betterer > should not update the cache file in CI mode 1`] = `
"{
  \\"version\\": 2,
  \\"testCache\\": {
    \\"test\\": {
      \\"src/index.ts\\": \\"3994602698153364047\\"
    }
  }
}"
`;

exports[`betterer > should not update the cache file in CI mode 2`] = `
[
  "🌟 Betterer (-1ms):
",
  "🌟 Betterer (14ms): 1 test running...
🤔 test: running \\"test\\"!
",
  "🌟 Betterer (14ms): 1 test running...
✅ test: \\"test\\" got checked for the first time! (2 issues) 🎉
",
  "🎉 Betterer (46ms): 1 test done!
✅ test: \\"test\\" got checked for the first time! (2 issues) 🎉
",
  "🎉 Betterer (46ms): 1 test done!
✅ test: \\"test\\" got checked for the first time! (2 issues) 🎉

1 test got checked. 🤔
1 test got checked for the first time! 🎉
",
  "🌟 Betterer:
",
  "🌟 Betterer: 1 test running...
🤔 test: running \\"test\\"!
",
  "🌟 Betterer: 1 test running...
🔥 test: \\"test\\" got worse. (1 new issue, 3 total) 😔
",
  "🌟 Betterer: 1 test running...
🔥 test: \\"test\\" got worse. (1 new issue, 3 total) 😔

Error: \\"test\\" got worse. (1 new issue, 3 total) 😔
",
  "💥 Betterer: 1 test done! 1 test errored!
🔥 test: \\"test\\" got worse. (1 new issue, 3 total) 😔
・ 2 existing issues in \\"<project>/fixtures/cache-ci/src/index.ts\\".
・ New issue in \\"<project>/fixtures/cache-ci/src/index.ts\\"!
・
・   <project>/fixtures/cache-ci/src/index.ts
・   1 | // HACK:
・   2 | // HACK:
・ > 3 | // HACK:
・     | ^^^^^^^ RegExp match
・

Error: \\"test\\" got worse. (1 new issue, 3 total) 😔
",
  "💥 Betterer: 1 test done! 1 test errored!
🔥 test: \\"test\\" got worse. (1 new issue, 3 total) 😔
・ 2 existing issues in \\"<project>/fixtures/cache-ci/src/index.ts\\".
・ New issue in \\"<project>/fixtures/cache-ci/src/index.ts\\"!
・
・   <project>/fixtures/cache-ci/src/index.ts
・   1 | // HACK:
・   2 | // HACK:
・ > 3 | // HACK:
・     | ^^^^^^^ RegExp match
・

Error: \\"test\\" got worse. (1 new issue, 3 total) 😔

1 test got checked. 🤔
1 test got worse. 😔


Unexpected changes detected in these tests while running in CI mode:

 \\"test\\"

You should make sure the results file is up-to-date before committing! You might want to run \`betterer precommit\` in a commit hook. 💍
",
]
`;
