// Vitest Snapshot v1, https://vitest.dev/guide/snapshot.html

exports[`betterer > should not update the cache file in CI mode when the cache is off 1`] = `
[
  "🌟 Betterer (0ms):
",
  "🌟 Betterer (0ms): 1 test running...
🤔 test: running "test"!
",
  "🎉 Betterer (0ms): 1 test done!
✅ test: "test" got checked for the first time! (2 issues) 🎉
",
  "🎉 Betterer (0ms): 1 test done!
✅ test: "test" got checked for the first time! (2 issues) 🎉

1 test got checked. 🤔
1 test got checked for the first time! 🎉
",
  "🎉 Betterer (0ms): 1 test done!
✅ test: "test" stayed the same. (2 issues) 😐

1 test got checked. 🤔
1 test stayed the same. 😐
",
]
`;
