// Vitest Snapshot v1, https://vitest.dev/guide/snapshot.html

exports[`betterer > should throw when there is an invalid config file 1`] = `
[
  "
Error: could not import config from \\"<project>/fixtures/config-invalid/.betterer.ts\\". 😔

Error: Transform failed with 1 error:
       <project>/fixtures/config-invalid/.betterer.1694871915076.ts:1:35: ERROR: Unexpected end of file
  <project>/fixtures/config-invalid/.betterer.1694871915076.ts:1:35: ERROR: Unexpected end of file
",
]
`;
