// Jest Snapshot v1, https://goo.gl/fbAQLP

exports[`betterer should throw when there is an invalid config file 1`] = `
Array [
  "
Error: could not import config from \\"<project>/fixtures/config-invalid/.betterer.ts\\". 😔

Error: fixtures/config-invalid/.betterer.ts:1:20 - error TS1109: Expression expected.

       1 export const test = // Syntax Error

",
]
`;
