// Vitest Snapshot v1, https://vitest.dev/guide/snapshot.html

exports[`betterer > should throw when there is an invalid config file 1`] = `
[
  "
Error: could not import config from \\"<project>/fixtures/config-invalid/.betterer.ts\\". 😔

Error: ⨯ Unable to compile TypeScript:
       fixtures/config-invalid/.betterer.ts:1:20 - error TS1109: Expression expected.

       1 export const test = // Syntax Error


",
]
`;
