// Jest Snapshot v1, https://goo.gl/fbAQLP

exports[`betterer should throw when there is invalid config 1`] = `
Array [
  "
Error: \\"cache\\" must be \`true\` or \`false\`. Received \`1234\`.
",
  "
Error: \\"cache\\" must be \`true\` or \`false\`. Received \`\\"betterer\\"\`.
",
  "
Error: \\"cache\\" must be \`true\` or \`false\`. Received \`{}\`.
",
  "
Error: \\"cachePath\\" must be a string. Received \`1234\`.
",
  "
Error: \\"cachePath\\" must be a string. Received \`{}\`.
",
  "
Error: \\"cachePath\\" must be a string. Received \`true\`.
",
  "
Error: \\"ci\\" must be \`true\` or \`false\`. Received \`1234\`.
",
  "
Error: \\"ci\\" must be \`true\` or \`false\`. Received \`\\"betterer\\"\`.
",
  "
Error: \\"ci\\" must be \`true\` or \`false\`. Received \`{}\`.
",
  "
Error: \\"configPaths\\" must be an array of strings. Received \`[1234]\`.
",
  "
Error: \\"configPaths\\" must be an array of strings. Received \`[true]\`.
",
  "
Error: \\"configPaths\\" must be an array of strings. Received \`[{}]\`.
",
  "
Error: \\"configPaths\\" must be an array of strings. Received \`[1234]\`.
",
  "
Error: \\"cwd\\" must be a string. Received \`1234\`.
",
  "
Error: \\"cwd\\" must be a string. Received \`{}\`.
",
  "
Error: \\"filters\\" must be an array of strings or RegExps. Received \`[1234]\`.
",
  "
Error: \\"filters\\" must be an array of strings or RegExps. Received \`[true]\`.
",
  "
Error: \\"filters\\" must be an array of strings or RegExps. Received \`[{}]\`.
",
  "
Error: \\"filters\\" must be an array of strings or RegExps. Received \`[1234]\`.
",
  "
Error: \\"ignores\\" must be an array of strings. Received \`[1234]\`.
",
  "
Error: \\"ignores\\" must be an array of strings. Received \`[true]\`.
",
  "
Error: \\"ignores\\" must be an array of strings. Received \`[{}]\`.
",
  "
Error: \\"ignores\\" must be an array of strings. Received \`[1234]\`.
",
  "
Error: \\"logo\\" must be \`true\` or \`false\`. Received \`1234\`.
",
  "
Error: \\"logo\\" must be \`true\` or \`false\`. Received \`{}\`.
",
  "
Error: \\"logo\\" must be \`true\` or \`false\`. Received \`[1234]\`.
",
  "
Error: \\"precommit\\" must be \`true\` or \`false\`. Received \`1234\`.
",
  "
Error: \\"precommit\\" must be \`true\` or \`false\`. Received \`\\"betterer\\"\`.
",
  "
Error: \\"precommit\\" must be \`true\` or \`false\`. Received \`{}\`.
",
  "
Error: \\"resultsPath\\" must be a string. Received \`1234\`.
",
  "
Error: \\"resultsPath\\" must be a string. Received \`true\`.
",
  "
Error: \\"resultsPath\\" must be a string. Received \`{}\`.
",
  "
Error: \\"silent\\" must be \`true\` or \`false\`. Received \`1234\`.
",
  "
Error: \\"silent\\" must be \`true\` or \`false\`. Received \`\\"betterer\\"\`.
",
  "
Error: \\"silent\\" must be \`true\` or \`false\`. Received \`{}\`.
",
  "
Error: \\"strict\\" must be \`true\` or \`false\`. Received \`1234\`.
",
  "
Error: \\"strict\\" must be \`true\` or \`false\`. Received \`\\"betterer\\"\`.
",
  "
Error: \\"strict\\" must be \`true\` or \`false\`. Received \`{}\`.
",
  "
Error: \\"update\\" must be \`true\` or \`false\`. Received \`1234\`.
",
  "
Error: \\"update\\" must be \`true\` or \`false\`. Received \`\\"betterer\\"\`.
",
  "
Error: \\"update\\" must be \`true\` or \`false\`. Received \`{}\`.
",
  "
Error: \\"workers\\" must be a number. Received \`\\"betterer\\"\`.
",
  "
Error: \\"workers\\" must be more than zero and not more than the number of available CPUs (1). To disable workers, set to \`false\`. Received \`null\`.
",
  "
Error: \\"workers\\" must be a number. Received \`{}\`.
",
  "
Error: \\"workers\\" must be more than zero and not more than the number of available CPUs (1). To disable workers, set to \`false\`. Received \`-1\`.
",
  "
Error: \\"workers\\" must be more than zero and not more than the number of available CPUs (1). To disable workers, set to \`false\`. Received \`1000\`.
",
]
`;
