// Vitest Snapshot v1, https://vitest.dev/guide/snapshot.html

exports[`betterer > should report a stable per-file coverage result 1`] = `
"// BETTERER RESULTS V2.
//
// If this file contains merge conflicts, use \`betterer merge\` to automatically resolve them:
// https://phenomnomnominal.github.io/betterer/docs/results-file/#merge
//
exports[\`test\`] = {
  value: \`{
  \\"src/file-1.ts\\": {
    \\"lines\\": 50,
    \\"statements\\": 130,
    \\"functions\\": 15,
    \\"branches\\": 100
  },
  \\"src/file-2.ts\\": {
    \\"lines\\": 60,
    \\"statements\\": 140,
    \\"functions\\": 4,
    \\"branches\\": 100
  }
}
\`
};
"
`;

exports[`betterer > should report a stable per-file coverage result 2`] = `
[
  "🌟 Betterer (0ms):
",
  "🌟 Betterer (0ms): 1 test running...
🤔 test: running \\"test\\"!
",
  "🌟 Betterer (0ms): 1 test running...
✅ test: \\"test\\" got checked for the first time! 🎉
",
  "🎉 Betterer (0ms): 1 test done!
✅ test: \\"test\\" got checked for the first time! 🎉
",
  "🎉 Betterer (0ms): 1 test done!
✅ test: \\"test\\" got checked for the first time! 🎉

1 test got checked. 🤔
1 test got checked for the first time! 🎉
",
  "🌟 Betterer (0ms):
",
  "🌟 Betterer (0ms): 1 test running...
🤔 test: running \\"test\\"!
",
  "🌟 Betterer (0ms): 1 test running...
✅ test: \\"test\\" stayed the same. 😐
",
  "🎉 Betterer (0ms): 1 test done!
✅ test: \\"test\\" stayed the same. 😐
",
  "🎉 Betterer (0ms): 1 test done!
✅ test: \\"test\\" stayed the same. 😐

1 test got checked. 🤔
1 test stayed the same. 😐
",
  "🌟 Betterer (0ms):
",
  "🌟 Betterer (0ms): 1 test running...
🤔 test: running \\"test\\"!
",
  "🌟 Betterer (0ms): 1 test running...
✅ test: \\"test\\" stayed the same. 😐
",
  "🎉 Betterer (0ms): 1 test done!
✅ test: \\"test\\" stayed the same. 😐
",
  "🎉 Betterer (0ms): 1 test done!
✅ test: \\"test\\" stayed the same. 😐

1 test got checked. 🤔
1 test stayed the same. 😐
",
  "🌟 Betterer (0ms):
",
  "🌟 Betterer (0ms): 1 test running...
🤔 test: running \\"test\\"!
",
  "🌟 Betterer (0ms): 1 test running...
✅ test: \\"test\\" stayed the same. 😐
",
  "🎉 Betterer (0ms): 1 test done!
✅ test: \\"test\\" stayed the same. 😐
",
  "🎉 Betterer (0ms): 1 test done!
✅ test: \\"test\\" stayed the same. 😐

1 test got checked. 🤔
1 test stayed the same. 😐
",
]
`;
