// Vitest Snapshot v1, https://vitest.dev/guide/snapshot.html

exports[`betterer > should report the total coverage 1`] = `
"// BETTERER RESULTS V2.
//
// If this file contains merge conflicts, use \`betterer merge\` to automatically resolve them:
// https://phenomnomnominal.github.io/betterer/docs/results-file/#merge
//
exports[\`test\`] = {
  value: \`{
  "total": { "lines": 110, "statements": 270, "functions": 19, "branches": 200 }
}
\`
};
"
`;

exports[`betterer > should report the total coverage 2`] = `
[
  "🌟 Betterer (0ms):
",
  "🌟 Betterer (0ms): 1 test running...
🤔 test: running "test"!
",
  "🎉 Betterer (0ms): 1 test done!
✅ test: "test" got checked for the first time! 🎉
",
  "🎉 Betterer (0ms): 1 test done!
✅ test: "test" got checked for the first time! 🎉

1 test got checked. 🤔
1 test got checked for the first time! 🎉
",
  "🌟 Betterer (0ms):
",
  "🌟 Betterer (0ms): 1 test running...
🤔 test: running "test"!
",
  "🎉 Betterer (0ms): 1 test done!
✅ test: "test" stayed the same. 😐
",
  "🎉 Betterer (0ms): 1 test done!
✅ test: "test" stayed the same. 😐

1 test got checked. 🤔
1 test stayed the same. 😐
",
  "🌟 Betterer (0ms):
",
  "🌟 Betterer (0ms): 1 test running...
🤔 test: running "test"!
",
  "🎉 Betterer (0ms): 1 test done!
✅ test: "test" got better! 😍
・ "lines" coverage is worse in "total": 110 > 10
・ "lines" coverage is better in "total": 10 < 110
",
  "🎉 Betterer (0ms): 1 test done!
✅ test: "test" got better! 😍
・ "lines" coverage is worse in "total": 110 > 10
・ "lines" coverage is better in "total": 10 < 110

1 test got checked. 🤔
1 test got better! 😍
",
  "🌟 Betterer (0ms):
",
  "🌟 Betterer (0ms): 1 test running...
🤔 test: running "test"!
",
  "💥 Betterer (0ms): 1 test done! 1 test errored!
🔥 test: "test" got worse. 😔
・ "branches" coverage is better in "total": 200 < 210
・ "branches" coverage is worse in "total": 210 > 200
",
  "💥 Betterer (0ms): 1 test done! 1 test errored!
🔥 test: "test" got worse. 😔
・ "branches" coverage is better in "total": 200 < 210
・ "branches" coverage is worse in "total": 210 > 200

1 test got checked. 🤔
1 test got worse. 😔

You should try to fix the new issues! As a last resort, you can run \`betterer --update\` to force an update of the results file. 🆙
",
]
`;
