// Jest Snapshot v1, https://goo.gl/fbAQLP

exports[`betterer should report a worse file coverage result 1`] = `
Array [
  "🌟 Betterer (0ms):
",
  "🌟 Betterer (0ms): 1 test running...
🤔 test: running \\"test\\"!
",
  "🌟 Betterer (0ms): 1 test running...
✅ test: \\"test\\" got checked for the first time! 🎉
",
  "🎉 Betterer (0ms): 1 test done!
✅ test: \\"test\\" got checked for the first time! 🎉
",
  "🎉 Betterer (0ms): 1 test done!
✅ test: \\"test\\" got checked for the first time! 🎉

1 test got checked. 🤔
1 test got checked for the first time! 🎉
",
  "🌟 Betterer (0ms):
",
  "🌟 Betterer (0ms): 1 test running...
🤔 test: running \\"test\\"!
",
  "🌟 Betterer (0ms): 1 test running...
🔥 test: \\"test\\" got worse. 😔
",
  "🌟 Betterer (0ms): 1 test running...
🔥 test: \\"test\\" got worse. 😔

Error: \\"test\\" got worse. 😔
",
  "💥 Betterer (0ms): 1 test done! 1 test errored!
🔥 test: \\"test\\" got worse. 😔
・ \\"lines\\" coverage is worse in \\"src/file-1.ts\\": 60 > 50

Error: \\"test\\" got worse. 😔
",
  "💥 Betterer (0ms): 1 test done! 1 test errored!
🔥 test: \\"test\\" got worse. 😔
・ \\"lines\\" coverage is worse in \\"src/file-1.ts\\": 60 > 50

Error: \\"test\\" got worse. 😔

1 test got checked. 🤔
1 test got worse. 😔

You should try to fix the new issues! As a last resort, you can run \`betterer --update\` to force an update of the results file. 🆙
",
  "🌟 Betterer (0ms):
",
  "🌟 Betterer (0ms): 1 test running...
🤔 test: running \\"test\\"!
",
  "🌟 Betterer (0ms): 1 test running...
🔥 test: \\"test\\" got worse. 😔
",
  "🌟 Betterer (0ms): 1 test running...
🔥 test: \\"test\\" got worse. 😔

Error: \\"test\\" got worse. 😔
",
  "💥 Betterer (0ms): 1 test done! 1 test errored!
🔥 test: \\"test\\" got worse. 😔
・ \\"lines\\" coverage is better in \\"src/file-1.ts\\": 40 < 50
・ \\"lines\\" coverage is worse in \\"src/file-2.ts\\": 90 > 60

Error: \\"test\\" got worse. 😔
",
  "💥 Betterer (0ms): 1 test done! 1 test errored!
🔥 test: \\"test\\" got worse. 😔
・ \\"lines\\" coverage is better in \\"src/file-1.ts\\": 40 < 50
・ \\"lines\\" coverage is worse in \\"src/file-2.ts\\": 90 > 60

Error: \\"test\\" got worse. 😔

1 test got checked. 🤔
1 test got worse. 😔

You should try to fix the new issues! As a last resort, you can run \`betterer --update\` to force an update of the results file. 🆙
",
  "🌟 Betterer (0ms):
",
  "🌟 Betterer (0ms): 1 test running...
🤔 test: running \\"test\\"!
",
  "🌟 Betterer (0ms): 1 test running...
🔥 test: \\"test\\" got worse. 😔
",
  "🌟 Betterer (0ms): 1 test running...
🔥 test: \\"test\\" got worse. 😔

Error: \\"test\\" got worse. 😔
",
  "💥 Betterer (0ms): 1 test done! 1 test errored!
🔥 test: \\"test\\" got worse. 😔
・ \\"lines\\" coverage is better in \\"src/file-1.ts\\": 40 < 50
・ \\"lines\\" coverage is worse in \\"src/file-2.ts\\": 90 > 60
・ new file: src/file-3.ts

Error: \\"test\\" got worse. 😔
",
  "💥 Betterer (0ms): 1 test done! 1 test errored!
🔥 test: \\"test\\" got worse. 😔
・ \\"lines\\" coverage is better in \\"src/file-1.ts\\": 40 < 50
・ \\"lines\\" coverage is worse in \\"src/file-2.ts\\": 90 > 60
・ new file: src/file-3.ts

Error: \\"test\\" got worse. 😔

1 test got checked. 🤔
1 test got worse. 😔

You should try to fix the new issues! As a last resort, you can run \`betterer --update\` to force an update of the results file. 🆙
",
]
`;
