// Vitest Snapshot v1, https://vitest.dev/guide/snapshot.html

exports[`betterer > should mark a test as expired when it is past its deadline 1`] = `
[
  "🌟 Betterer (-1ms):
",
  "🌟 Betterer (20ms): 1 test running...
🤔 test: running \\"test\\"!
",
  "🌟 Betterer (20ms): 1 test running...
✅ test: \\"test\\" got checked for the first time! 🎉
",
  "🎉 Betterer (57ms): 1 test done!
✅ test: \\"test\\" got checked for the first time! 🎉
・ \\"test\\" has passed its deadline. 👻
",
  "🎉 Betterer (57ms): 1 test done!
✅ test: \\"test\\" got checked for the first time! 🎉
・ \\"test\\" has passed its deadline. 👻

1 test got checked. 🤔
1 test got checked for the first time! 🎉
1 test has passed its deadline. 👻)
",
]
`;

exports[`betterer > should mark a test as expired when it is past its deadline 2`] = `
"// BETTERER RESULTS V2.
//
// If this file contains merge conflicts, use \`betterer merge\` to automatically resolve them:
// https://phenomnomnominal.github.io/betterer/docs/results-file/#merge
//
exports[\`test\`] = {
  value: \`1
\`
};
"
`;
