// Vitest Snapshot v1, https://vitest.dev/guide/snapshot.html

exports[`betterer > should handle complex eslint rule options 1`] = `
"// BETTERER RESULTS V2.
//
// If this file contains merge conflicts, use \`betterer merge\` to automatically resolve them:
// https://phenomnomnominal.github.io/betterer/docs/results-file/#merge
//
exports[\`test\`] = {
  value: \`{
    "src/index.ts:1015454386": [
      [0, 0, 34, "eslint(no-restricted-syntax): Prefer named exports", "1332276585"]
    ]
  }\`
};
"
`;

exports[`betterer > should handle complex eslint rule options 2`] = `
[
  "🌟 Betterer (0ms):
",
  "🌟 Betterer (0ms): 1 test running...
🤔 test: running "test"!
",
  "🎉 Betterer (0ms): 1 test done!
✅ test: "test" got checked for the first time! (1 issue) 🎉
",
  "🎉 Betterer (0ms): 1 test done!
✅ test: "test" got checked for the first time! (1 issue) 🎉

1 test got checked. 🤔
1 test got checked for the first time! 🎉
",
]
`;
