// Vitest Snapshot v1, https://vitest.dev/guide/snapshot.html

exports[`betterer > should handle a global exclude 1`] = `
"// BETTERER RESULTS V2.
//
// If this file contains merge conflicts, use \`betterer merge\` to automatically resolve them:
// https://phenomnomnominal.github.io/betterer/docs/results-file/#merge
//
exports[\`test\`] = {
  value: \`{
    \\"src/global.ts:645618020\\": [
      [0, 0, 7, \\"RegExp match\\", \\"645618020\\"]
    ],
    \\"src/index.ts:645618020\\": [
      [0, 0, 7, \\"RegExp match\\", \\"645618020\\"]
    ]
  }\`
};
"
`;

exports[`betterer > should handle a global exclude 2`] = `
"// BETTERER RESULTS V2.
//
// If this file contains merge conflicts, use \`betterer merge\` to automatically resolve them:
// https://phenomnomnominal.github.io/betterer/docs/results-file/#merge
//
exports[\`test\`] = {
  value: \`{
    \\"src/global.ts:645618020\\": [
      [0, 0, 7, \\"RegExp match\\", \\"645618020\\"]
    ],
    \\"src/index.ts:645618020\\": [
      [0, 0, 7, \\"RegExp match\\", \\"645618020\\"]
    ]
  }\`
};
"
`;

exports[`betterer > should handle a global exclude 3`] = `
[
  "🌟 Betterer (-1ms):
",
  "🌟 Betterer (20ms): 1 test running...
🤔 test: running \\"test\\"!
",
  "🌟 Betterer (184ms): 1 test running...
🤔 test: running \\"test\\"!
",
  "🌟 Betterer (184ms): 1 test running...
✅ test: \\"test\\" got checked for the first time! (2 issues) 🎉
",
  "🎉 Betterer (204ms): 1 test done!
✅ test: \\"test\\" got checked for the first time! (2 issues) 🎉
",
  "🎉 Betterer (204ms): 1 test done!
✅ test: \\"test\\" got checked for the first time! (2 issues) 🎉

1 test got checked. 🤔
1 test got checked for the first time! 🎉
",
  "Checking 1 file... 🤔

・ <project>/fixtures/exclude-global/src/index.ts

🌟 Betterer (-1ms):
",
  "Checking 1 file... 🤔

・ <project>/fixtures/exclude-global/src/index.ts

🌟 Betterer (41ms): 1 test running...
🤔 test: running \\"test\\"!
",
  "Checking 1 file... 🤔

・ <project>/fixtures/exclude-global/src/index.ts

🌟 Betterer (41ms): 1 test running...
✅ test: \\"test\\" stayed the same. (2 issues) 😐
",
  "Checking 1 file... 🤔

・ <project>/fixtures/exclude-global/src/index.ts

🎉 Betterer (62ms): 1 test done!
✅ test: \\"test\\" stayed the same. (2 issues) 😐
",
  "Checked 1 file! 🔍

・ <project>/fixtures/exclude-global/src/index.ts

🎉 Betterer (62ms): 1 test done!
✅ test: \\"test\\" stayed the same. (2 issues) 😐

1 test got checked. 🤔
1 test stayed the same. 😐
",
]
`;
