// Vitest Snapshot v1, https://vitest.dev/guide/snapshot.html

exports[`betterer > should work when a test fails 1`] = `
[
  "🌟 Betterer (0ms):
",
  "🌟 Betterer (0ms): 1 test running...
🤔 test: running "test"!
",
  "💥 Betterer (0ms): 1 test done! 1 test errored!
🔥 test: OH NO!
",
  "💥 Betterer (0ms): 1 test done! 1 test errored!
🔥 test: OH NO!

Error: OH NO!

0 tests got checked. 🤔
1 test failed to run. 🔥
",
]
`;
