// Vitest Snapshot v1, https://vitest.dev/guide/snapshot.html

exports[`betterer > should let you override the constraint of a file test 1`] = `
"// BETTERER RESULTS V2.
//
// If this file contains merge conflicts, use \`betterer merge\` to automatically resolve them:
// https://phenomnomnominal.github.io/betterer/docs/results-file/#merge
//
exports[\`test\`] = {
  value: \`{
    \\"src/index.ts:1761844991\\": [
      [0, 0, 9, \\"Unexpected \\\\'debugger\\\\' statement.\\", \\"3201740415\\"],
      [1, 0, 9, \\"Unexpected \\\\'debugger\\\\' statement.\\", \\"3201740415\\"],
      [2, 0, 9, \\"Unexpected \\\\'debugger\\\\' statement.\\", \\"3201740415\\"]
    ]
  }\`
};
"
`;

exports[`betterer > should let you override the constraint of a file test 2`] = `
[
  "🌟 Betterer (-1ms):
",
  "🌟 Betterer (11ms): 1 test running...
🤔 test: running \\"test\\"!
",
  "🌟 Betterer (5,441ms): 1 test running...
🤔 test: running \\"test\\"!
",
  "🌟 Betterer (5,441ms): 1 test running...
✅ test: \\"test\\" got checked for the first time! (2 issues) 🎉
",
  "🎉 Betterer (5,444ms): 1 test done!
✅ test: \\"test\\" got checked for the first time! (2 issues) 🎉
",
  "🎉 Betterer (5,444ms): 1 test done!
✅ test: \\"test\\" got checked for the first time! (2 issues) 🎉

1 test got checked. 🤔
1 test got checked for the first time! 🎉
",
  "🌟 Betterer (-1ms):
",
  "🌟 Betterer (40ms): 1 test running...
🤔 test: running \\"test\\"!
",
  "🌟 Betterer (40ms): 1 test running...
✅ test: \\"test\\" stayed the same. (1 new issue, 3 total) 😐
",
  "🎉 Betterer (60ms): 1 test done!
✅ test: \\"test\\" stayed the same. (1 new issue, 3 total) 😐
",
  "🎉 Betterer (60ms): 1 test done!
✅ test: \\"test\\" stayed the same. (1 new issue, 3 total) 😐

1 test got checked. 🤔
1 test stayed the same. 😐
",
]
`;
