// Jest Snapshot v1, https://goo.gl/fbAQLP

exports[`betterer should not run a specific test called with skip() 1`] = `
Array [
  "🌟 Betterer (0ms):
",
  "🎉 Betterer (0ms): 2 tests done!
✅ test 1: \\"test 1\\" got checked for the first time! 🎉
✅ test 2: \\"test 2\\" got checked for the first time! (1 issue) 🎉
",
  "🎉 Betterer (0ms): 2 tests done!
✅ test 1: \\"test 1\\" got checked for the first time! 🎉
✅ test 2: \\"test 2\\" got checked for the first time! (1 issue) 🎉

2 tests got checked. 🤔
2 tests got checked for the first time! 🎉
",
  "🌟 Betterer (0ms):
",
  "🎉 Betterer (0ms): 2 tests done!
✅ test 1: \\"test 1\\" got skipped. 🚫
✅ test 2: \\"test 2\\" got skipped. 🚫
",
  "🎉 Betterer (0ms): 2 tests done!
✅ test 1: \\"test 1\\" got skipped. 🚫
✅ test 2: \\"test 2\\" got skipped. 🚫

0 tests got checked. 🤔
2 tests got skipped. 🚫
",
]
`;

exports[`betterer should not run a specific test called with skip() 2`] = `
"// BETTERER RESULTS V2.
//
// If this file contains merge conflicts, use \`betterer merge\` to automatically resolve them:
// https://phenomnomnominal.github.io/betterer/docs/results-file/#merge
//
exports[\`test 1\`] = {
  value: \`1
\`
};

exports[\`test 2\`] = {
  value: \`{
    \\"src/index.ts:4126639614\\": [
      [0, 0, 7, \\"RegExp match\\", \\"645651780\\"]
    ]
  }\`
};
"
`;
