// Vitest Snapshot v1, https://vitest.dev/guide/snapshot.html

exports[`betterer > should report the existence of RegExp matches, with a custom issue message 1`] = `
"// BETTERER RESULTS V2.
//
// If this file contains merge conflicts, use \`betterer merge\` to automatically resolve them:
// https://phenomnomnominal.github.io/betterer/docs/results-file/#merge
//
exports[\`regexp\`] = {
  value: \`{
    \\"src/index.ts:4126639614\\": [
      [0, 0, 7, \\"no hacks here!\\", \\"645651780\\"]
    ]
  }\`
};
"
`;

exports[`betterer > should report the existence of RegExp matches, with a custom issue message 2`] = `
[
  "🌟 Betterer (0ms):
",
  "🌟 Betterer (0ms): 1 test running...
🤔 regexp: running \\"regexp\\"!
",
  "🌟 Betterer (0ms): 1 test running...
✅ regexp: \\"regexp\\" got checked for the first time! (1 issue) 🎉
",
  "🎉 Betterer (0ms): 1 test done!
✅ regexp: \\"regexp\\" got checked for the first time! (1 issue) 🎉
",
  "🎉 Betterer (0ms): 1 test done!
✅ regexp: \\"regexp\\" got checked for the first time! (1 issue) 🎉

1 test got checked. 🤔
1 test got checked for the first time! 🎉
",
]
`;
