// Vitest Snapshot v1, https://vitest.dev/guide/snapshot.html

exports[`betterer --reporter > should throw when there is nothing exported 1`] = `
[
  "
Error: could not import "<project>/fixtures/reporter-no-export/reporter.js". 😔

Error: "<project>/fixtures/reporter-no-export/reporter.js" didn't create a reporter. 😔
",
]
`;
