// Jest Snapshot v1, https://goo.gl/fbAQLP

exports[`betterer --reporter should throw when there is nothing exported 1`] = `
Array [
  "
Error: could not require \\"<project>/fixtures/reporter-no-export/reporter.js\\". 😔

Error: \\"<project>/fixtures/reporter-no-export/reporter.js\\" didn't create a reporter. 😔
",
]
`;
