// Jest Snapshot v1, https://goo.gl/fbAQLP

exports[`betterer --reporter should throw when there is an invalid hook name 1`] = `
Array [
  "
Error: could not require \\"<project>/fixtures/reporter-invalid-hook-name/reporter.js\\". 😔

Error: \\"notAHook\\" is not a valid reporter hook name. 😔
",
]
`;
