// Vitest Snapshot v1, https://vitest.dev/guide/snapshot.html

exports[`betterer > should report the status of the TypeScript compiler in strict mode 1`] = `
"// BETTERER RESULTS V2.
//
// If this file contains merge conflicts, use \`betterer merge\` to automatically resolve them:
// https://phenomnomnominal.github.io/betterer/docs/results-file/#merge
//
exports[\`typescript\`] = {
  value: \`{
    "src/index.ts:3281126131": [
      [0, 27, 4, "tsc: Parameter \\'list\\' implicitly has an \\'any\\' type.", "2087656743"],
      [1, 18, 6, "tsc: Parameter \\'member\\' implicitly has an \\'any\\' type.", "1468198325"],
      [5, 9, 4, "tsc: \\'this\\' implicitly has type \\'any\\' because it does not have a type annotation.", "2087959715"],
      [17, 9, 6, "tsc: \\'number\\' is possibly \\'undefined\\'.", "1682699846"],
      [21, 10, 3, "tsc: Property \\'bar\\' has no initializer and is not definitely assigned in the constructor.", "193415156"],
      [29, 16, 9, "tsc: Argument of type \\'[number, number, number]\\' is not assignable to parameter of type \\'[num1: number, num2: number]\\'.\\\\n  Source has 3 element(s) but target allows only 2.", "2320562899"]
    ]
  }\`
};
"
`;

exports[`betterer > should report the status of the TypeScript compiler in strict mode 2`] = `
[
  "🌟 Betterer (0ms):
",
  "🌟 Betterer (0ms): 1 test running...
🤔 typescript: running "typescript"!
",
  "🎉 Betterer (0ms): 1 test done!
✅ typescript: "typescript" got checked for the first time! (6 issues) 🎉
",
  "🎉 Betterer (0ms): 1 test done!
✅ typescript: "typescript" got checked for the first time! (6 issues) 🎉

1 test got checked. 🤔
1 test got checked for the first time! 🎉
",
  "🌟 Betterer (0ms):
",
  "🌟 Betterer (0ms): 1 test running...
🤔 typescript: running "typescript"!
",
  "🎉 Betterer (0ms): 1 test done!
✅ typescript: "typescript" stayed the same. (6 issues) 😐
",
  "🎉 Betterer (0ms): 1 test done!
✅ typescript: "typescript" stayed the same. (6 issues) 😐

1 test got checked. 🤔
1 test stayed the same. 😐
",
  "🌟 Betterer (0ms):
",
  "🌟 Betterer (0ms): 1 test running...
🤔 typescript: running "typescript"!
",
  "💥 Betterer (0ms): 1 test done! 1 test errored!
🔥 typescript: "typescript" got worse. (1 new issue, 6 existing, 7 total) 😔
・ 6 existing, 1 new issues in "fixtures/typescript-strict/src/index.ts".
・
・   32 | const a = 'a';
・   33 | const one = 1;
・ > 34 | console.log(a * one);
・      |             ^ tsc: The left-hand side of an arithmetic operation must be of type 'any', 'number', 'bigint' or an enum type.
・
",
  "💥 Betterer (0ms): 1 test done! 1 test errored!
🔥 typescript: "typescript" got worse. (1 new issue, 6 existing, 7 total) 😔
・ 6 existing, 1 new issues in "fixtures/typescript-strict/src/index.ts".
・
・   32 | const a = 'a';
・   33 | const one = 1;
・ > 34 | console.log(a * one);
・      |             ^ tsc: The left-hand side of an arithmetic operation must be of type 'any', 'number', 'bigint' or an enum type.
・

1 test got checked. 🤔
1 test got worse. 😔

You should try to fix the new issues! As a last resort, you can run \`betterer --update\` to force an update of the results file. 🆙
",
  "🌟 Betterer (0ms):
",
  "🌟 Betterer (0ms): 1 test running...
🤔 typescript: running "typescript"!
",
  "🎉 Betterer (0ms): 1 test done!
✅ typescript: "typescript" got better! (1 fixed issue, 5 remaining) 😍
・ 1 fixed, 5 existing issues in "fixtures/typescript-strict/src/index.ts".
",
  "🎉 Betterer (0ms): 1 test done!
✅ typescript: "typescript" got better! (1 fixed issue, 5 remaining) 😍
・ 1 fixed, 5 existing issues in "fixtures/typescript-strict/src/index.ts".

1 test got checked. 🤔
1 test got better! 😍
",
]
`;
