// Vitest Snapshot v1, https://vitest.dev/guide/snapshot.html

exports[`betterer > should work with an incremental build 1`] = `
[
  "🌟 Betterer (0ms):
",
  "🌟 Betterer (0ms): 1 test running...
🤔 typescript: running "typescript"!
",
  "🎉 Betterer (0ms): 1 test done!
✅ typescript: "typescript" got checked for the first time! (1 issue) 🎉
",
  "🎉 Betterer (0ms): 1 test done!
✅ typescript: "typescript" got checked for the first time! (1 issue) 🎉

1 test got checked. 🤔
1 test got checked for the first time! 🎉
",
  "🌟 Betterer (0ms):
",
  "🌟 Betterer (0ms): 1 test running...
🤔 typescript: running "typescript"!
",
  "🎉 Betterer (0ms): 1 test done!
✅ typescript: "typescript" stayed the same. (1 issue) 😐
",
  "🎉 Betterer (0ms): 1 test done!
✅ typescript: "typescript" stayed the same. (1 issue) 😐

1 test got checked. 🤔
1 test stayed the same. 😐
",
]
`;
