// Vitest Snapshot v1, https://vitest.dev/guide/snapshot.html

exports[`betterer > should stay worse if an update is not allowed 1`] = `
"// BETTERER RESULTS V2.
//
// If this file contains merge conflicts, use \`betterer merge\` to automatically resolve them:
// https://phenomnomnominal.github.io/betterer/docs/results-file/#merge
//
exports[\`test\`] = {
  value: \`{
    \\"src/index.ts:4087252068\\": [
      [0, 0, 11, \\"TSQuery match\\", \\"3870399096\\"]
    ]
  }\`
};
"
`;

exports[`betterer > should stay worse if an update is not allowed 2`] = `
[
  "🌟 Betterer (-1ms):
",
  "🌟 Betterer (10ms): 1 test running...
🤔 test: running \\"test\\"!
",
  "🌟 Betterer (112ms): 1 test running...
🤔 test: running \\"test\\"!
",
  "🌟 Betterer (112ms): 1 test running...
✅ test: \\"test\\" got checked for the first time! (1 issue) 🎉
",
  "🎉 Betterer (121ms): 1 test done!
✅ test: \\"test\\" got checked for the first time! (1 issue) 🎉
",
  "🎉 Betterer (121ms): 1 test done!
✅ test: \\"test\\" got checked for the first time! (1 issue) 🎉

1 test got checked. 🤔
1 test got checked for the first time! 🎉
",
  "🌟 Betterer (-1ms):
",
  "🌟 Betterer (9ms): 1 test running...
🤔 test: running \\"test\\"!
",
  "🌟 Betterer (9ms): 1 test running...
🔥 test: \\"test\\" got worse. (1 new issue, 2 total) 😔
",
  "🌟 Betterer (9ms): 1 test running...
🔥 test: \\"test\\" got worse. (1 new issue, 2 total) 😔

Error: \\"test\\" got worse. (1 new issue, 2 total) 😔
",
  "💥 Betterer (34ms): 1 test done! 1 test errored!
🔥 test: \\"test\\" got worse. (1 new issue, 2 total) 😔
・ 1 existing issue in \\"<project>/fixtures/worse-strict/src/index.ts\\".
・ New issue in \\"<project>/fixtures/worse-strict/src/index.ts\\"!
・
・   <project>/fixtures/worse-strict/src/index.ts
・   1 | console.log('foo');
・ > 2 | console.log('foo');
・     | ^^^^^^^^^^^ TSQuery match
・

Error: \\"test\\" got worse. (1 new issue, 2 total) 😔
",
  "💥 Betterer (34ms): 1 test done! 1 test errored!
🔥 test: \\"test\\" got worse. (1 new issue, 2 total) 😔
・ 1 existing issue in \\"<project>/fixtures/worse-strict/src/index.ts\\".
・ New issue in \\"<project>/fixtures/worse-strict/src/index.ts\\"!
・
・   <project>/fixtures/worse-strict/src/index.ts
・   1 | console.log('foo');
・ > 2 | console.log('foo');
・     | ^^^^^^^^^^^ TSQuery match
・

Error: \\"test\\" got worse. (1 new issue, 2 total) 😔

1 test got checked. 🤔
1 test got worse. 😔

",
]
`;
